2026-09-10 04:45:04.777: [INFO] CurrentProfilePath: C:\Users\fs\Desktop\.metadata\.plugins\org.eclipse.swt\EBWebView\Default
2026-09-10 04:45:04.777: [INFO] Profiles total count: 1
2026-09-10 04:45:04.777: [INFO] Profile: name=Profile 1 path=C:\Users\fs\Desktop\.metadata\.plugins\org.eclipse.swt\EBWebView\Default lastActive=null
2026-09-10 04:45:04.777: [INFO] LastUsedProfileDir: C:\Users\fs\Desktop\.metadata\.plugins\org.eclipse.swt\EBWebView\Default
2026-09-10 04:45:04.777: [INFO] OnDoneLoading sync enabled: 0
2026-09-10 04:45:04.777: [INFO] BookmarkModelLoaded, ids_reassigned: 0
2026-09-10 04:45:04.777: [INFO] BookmarksLoadDropped droppedNodes=0
2026-09-10 04:45:04.777: [INFO] BookmarksSnapshot Startup total=0 bar=0 other=0 mobile=0 showBar=0 showBarNTP=1
2026-09-10 04:45:20.248: [INFO] BookmarksSnapshot Shutdown total=0 bar=0 other=0 mobile=0 showBar=0 showBarNTP=1
2026-09-10 04:45:21.743: [INFO] CurrentProfilePath: C:\Users\fs\Desktop\.metadata\.plugins\org.eclipse.swt\EBWebView\Default
2026-09-10 04:45:21.743: [INFO] Profiles total count: 1
2026-09-10 04:45:21.743: [INFO] Profile: name=Profile 1 path=C:\Users\fs\Desktop\.metadata\.plugins\org.eclipse.swt\EBWebView\Default lastActive=2026-09-10T04:45:06.187Z
2026-09-10 04:45:21.743: [INFO] LastUsedProfileDir: C:\Users\fs\Desktop\.metadata\.plugins\org.eclipse.swt\EBWebView\Default
2026-09-10 04:45:21.744: [INFO] MostRecentlyActiveProfile: name=Profile 1 path=C:\Users\fs\Desktop\.metadata\.plugins\org.eclipse.swt\EBWebView\Default lastActive=2026-09-10T04:45:06.187Z
2026-09-10 04:45:21.744: [INFO] OnDoneLoading sync enabled: 0
2026-09-10 04:45:21.744: [INFO] BookmarkModelLoaded, ids_reassigned: 0
2026-09-10 04:45:21.744: [INFO] BookmarksLoadDropped droppedNodes=0
2026-09-10 04:45:21.744: [INFO] BookmarksSnapshot Startup total=0 bar=0 other=0 mobile=0 showBar=0 showBarNTP=1
2026-09-10 04:46:56.179: [INFO] BookmarksSnapshot Shutdown total=0 bar=0 other=0 mobile=0 showBar=0 showBarNTP=1
2026-09-10 07:59:09.558: [INFO] CurrentProfilePath: C:\Users\fs\Desktop\.metadata\.plugins\org.eclipse.swt\EBWebView\Default
2026-09-10 07:59:09.558: [INFO] Profiles total count: 1
2026-09-10 07:59:09.558: [INFO] Profile: name=Profile 1 path=C:\Users\fs\Desktop\.metadata\.plugins\org.eclipse.swt\EBWebView\Default lastActive=2026-09-10T04:46:52.840Z
2026-09-10 07:59:09.558: [INFO] LastUsedProfileDir: C:\Users\fs\Desktop\.metadata\.plugins\org.eclipse.swt\EBWebView\Default
2026-09-10 07:59:09.558: [INFO] MostRecentlyActiveProfile: name=Profile 1 path=C:\Users\fs\Desktop\.metadata\.plugins\org.eclipse.swt\EBWebView\Default lastActive=2026-09-10T04:46:52.840Z
2026-09-10 07:59:09.558: [INFO] OnDoneLoading sync enabled: 0
2026-09-10 07:59:09.558: [INFO] BookmarkModelLoaded, ids_reassigned: 0
2026-09-10 07:59:09.558: [INFO] BookmarksLoadDropped droppedNodes=0
2026-09-10 07:59:09.558: [INFO] BookmarksSnapshot Startup total=0 bar=0 other=0 mobile=0 showBar=0 showBarNTP=1
2026-09-10 08:18:35.463: [INFO] CurrentProfilePath: C:\Users\fs\Desktop\.metadata\.plugins\org.eclipse.swt\EBWebView\Default
2026-09-10 08:18:35.463: [INFO] Profiles total count: 1
2026-09-10 08:18:35.463: [INFO] Profile: name=Profile 1 path=C:\Users\fs\Desktop\.metadata\.plugins\org.eclipse.swt\EBWebView\Default lastActive=2026-09-10T08:02:41.116Z
2026-09-10 08:18:35.463: [INFO] LastUsedProfileDir: C:\Users\fs\Desktop\.metadata\.plugins\org.eclipse.swt\EBWebView\Default
2026-09-10 08:18:35.463: [INFO] MostRecentlyActiveProfile: name=Profile 1 path=C:\Users\fs\Desktop\.metadata\.plugins\org.eclipse.swt\EBWebView\Default lastActive=2026-09-10T08:02:41.116Z
2026-09-10 08:18:35.464: [INFO] OnDoneLoading sync enabled: 0
2026-09-10 08:18:35.464: [INFO] BookmarkModelLoaded, ids_reassigned: 0
2026-09-10 08:18:35.464: [INFO] BookmarksLoadDropped droppedNodes=0
2026-09-10 08:18:35.464: [INFO] BookmarksSnapshot Startup total=0 bar=0 other=0 mobile=0 showBar=0 showBarNTP=1
2026-09-10 08:49:22.979: [INFO] BookmarksSnapshot Shutdown total=0 bar=0 other=0 mobile=0 showBar=0 showBarNTP=1
