2026-09-10 10:15:06,453 [Worker-3: Loading available Gradle versions] INFO  o.e.b.c.i.u.g.PublishedGradleVersions - Gradle version information cache is not available. Remote download required.
2026-09-10 13:28:53,699 [Worker-1: Loading available Gradle versions] INFO  o.e.b.c.i.u.g.PublishedGradleVersions - Gradle version information cache is up-to-date. Trying to read.
2026-09-10 13:48:20,257 [Worker-0: Loading available Gradle versions] INFO  o.e.b.c.i.u.g.PublishedGradleVersions - Gradle version information cache is up-to-date. Trying to read.
2026-09-10 13:50:26,044 [Worker-6: Importing Maven projects] INFO  o.e.m.c.i.l.LifecycleMappingFactory - Using org.eclipse.m2e.jdt.JarLifecycleMapping lifecycle mapping for MavenProject: KMIT:ORS:0.0.1-SNAPSHOT @ C:\Users\fs\Downloads\ORS\pom.xml.
2026-09-10 13:50:30,439 [Worker-6: Importing Maven projects] INFO  o.e.m.j.i.AbstractJavaProjectConfigurator - Adding source folder /ORS/src/main/java
2026-09-10 13:50:30,442 [Worker-6: Importing Maven projects] INFO  o.e.m.j.i.AbstractJavaProjectConfigurator - Adding resource folder /ORS/src/main/resources
2026-09-10 13:50:30,444 [Worker-6: Importing Maven projects] INFO  o.e.m.j.i.AbstractJavaProjectConfigurator - Adding source folder /ORS/src/test/java
2026-09-10 13:50:30,445 [Worker-6: Importing Maven projects] INFO  o.e.m.j.i.AbstractJavaProjectConfigurator - Adding resource folder /ORS/src/test/resources
2026-09-10 13:50:30,524 [Worker-6: Importing Maven projects] WARN  o.apache.maven.project.MavenProject - Plugin is modifying compileSourceRoots through clear(), which will not work in Maven 4.0.0. Use MavenProject.addCompileSourceRoot()/removeCompileSourceRoot() methods instead. If using a plugin, please upgrade to the latest version or report the issue to the plugin maintainer. To disable these warnings, set -Dmaven.project.sourceRoots.warningsDisabled=true on the command line, in the .mvn/maven.config file, or in project POM properties.
2026-09-10 13:50:30,526 [Worker-6: Importing Maven projects] WARN  o.apache.maven.project.MavenProject - Plugin is modifying compileSourceRoots through add(), which will not work in Maven 4.0.0. Use MavenProject.addCompileSourceRoot()/removeCompileSourceRoot() methods instead. If using a plugin, please upgrade to the latest version or report the issue to the plugin maintainer. To disable these warnings, set -Dmaven.project.sourceRoots.warningsDisabled=true on the command line, in the .mvn/maven.config file, or in project POM properties.
2026-09-10 13:50:30,527 [Worker-6: Importing Maven projects] WARN  o.apache.maven.project.MavenProject - Plugin is modifying testCompileSourceRoots through clear(), which will not work in Maven 4.0.0. Use MavenProject.addTestCompileSourceRoot()/removeTestCompileSourceRoot() methods instead. If using a plugin, please upgrade to the latest version or report the issue to the plugin maintainer. To disable these warnings, set -Dmaven.project.sourceRoots.warningsDisabled=true on the command line, in the .mvn/maven.config file, or in project POM properties.
2026-09-10 13:50:30,528 [Worker-6: Importing Maven projects] WARN  o.apache.maven.project.MavenProject - Plugin is modifying testCompileSourceRoots through add(), which will not work in Maven 4.0.0. Use MavenProject.addTestCompileSourceRoot()/removeTestCompileSourceRoot() methods instead. If using a plugin, please upgrade to the latest version or report the issue to the plugin maintainer. To disable these warnings, set -Dmaven.project.sourceRoots.warningsDisabled=true on the command line, in the .mvn/maven.config file, or in project POM properties.
2026-09-10 13:50:30,559 [Worker-6: Importing Maven projects] INFO  o.e.m.c.i.p.ProjectConfigurationManager - Imported and configured 1 project(s) in 10 sec
2026-09-10 13:50:34,676 [Worker-17: Building] INFO  o.a.m.s.f.DefaultMavenResourcesFiltering - skip non existing resourceDirectory C:\Users\fs\Downloads\ORS\src\main\resources
2026-09-10 13:50:34,684 [Worker-17: Building] INFO  o.a.m.s.f.DefaultMavenResourcesFiltering - skip non existing resourceDirectory C:\Users\fs\Downloads\ORS\src\test\resources
2026-09-10 13:50:35,233 [Worker-17: Building] WARN  o.apache.maven.project.MavenProject - Plugin is modifying compileSourceRoots through clear(), which will not work in Maven 4.0.0. Use MavenProject.addCompileSourceRoot()/removeCompileSourceRoot() methods instead. If using a plugin, please upgrade to the latest version or report the issue to the plugin maintainer. To disable these warnings, set -Dmaven.project.sourceRoots.warningsDisabled=true on the command line, in the .mvn/maven.config file, or in project POM properties.
2026-09-10 13:50:35,234 [Worker-17: Building] WARN  o.apache.maven.project.MavenProject - Plugin is modifying compileSourceRoots through add(), which will not work in Maven 4.0.0. Use MavenProject.addCompileSourceRoot()/removeCompileSourceRoot() methods instead. If using a plugin, please upgrade to the latest version or report the issue to the plugin maintainer. To disable these warnings, set -Dmaven.project.sourceRoots.warningsDisabled=true on the command line, in the .mvn/maven.config file, or in project POM properties.
2026-09-10 13:50:35,235 [Worker-17: Building] WARN  o.apache.maven.project.MavenProject - Plugin is modifying testCompileSourceRoots through clear(), which will not work in Maven 4.0.0. Use MavenProject.addTestCompileSourceRoot()/removeTestCompileSourceRoot() methods instead. If using a plugin, please upgrade to the latest version or report the issue to the plugin maintainer. To disable these warnings, set -Dmaven.project.sourceRoots.warningsDisabled=true on the command line, in the .mvn/maven.config file, or in project POM properties.
2026-09-10 13:50:35,236 [Worker-17: Building] WARN  o.apache.maven.project.MavenProject - Plugin is modifying testCompileSourceRoots through add(), which will not work in Maven 4.0.0. Use MavenProject.addTestCompileSourceRoot()/removeTestCompileSourceRoot() methods instead. If using a plugin, please upgrade to the latest version or report the issue to the plugin maintainer. To disable these warnings, set -Dmaven.project.sourceRoots.warningsDisabled=true on the command line, in the .mvn/maven.config file, or in project POM properties.
2026-09-10 13:53:50,244 [Worker-31: Importing Maven projects] INFO  o.e.m.c.i.l.LifecycleMappingFactory - Using org.eclipse.m2e.jdt.JarLifecycleMapping lifecycle mapping for MavenProject: KMIT:ORS:0.0.1-SNAPSHOT @ C:\Users\fs\Downloads\ORS\pom.xml.
2026-09-10 13:53:50,293 [Worker-31: Importing Maven projects] INFO  o.e.m.j.i.AbstractJavaProjectConfigurator - Adding source folder /ORS/src/main/java
2026-09-10 13:53:50,294 [Worker-31: Importing Maven projects] INFO  o.e.m.j.i.AbstractJavaProjectConfigurator - Adding resource folder /ORS/src/main/resources
2026-09-10 13:53:50,295 [Worker-31: Importing Maven projects] INFO  o.e.m.j.i.AbstractJavaProjectConfigurator - Adding source folder /ORS/src/test/java
2026-09-10 13:53:50,296 [Worker-31: Importing Maven projects] INFO  o.e.m.j.i.AbstractJavaProjectConfigurator - Adding resource folder /ORS/src/test/resources
2026-09-10 13:53:50,315 [Worker-31: Importing Maven projects] WARN  o.apache.maven.project.MavenProject - Plugin is modifying compileSourceRoots through clear(), which will not work in Maven 4.0.0. Use MavenProject.addCompileSourceRoot()/removeCompileSourceRoot() methods instead. If using a plugin, please upgrade to the latest version or report the issue to the plugin maintainer. To disable these warnings, set -Dmaven.project.sourceRoots.warningsDisabled=true on the command line, in the .mvn/maven.config file, or in project POM properties.
2026-09-10 13:53:50,317 [Worker-31: Importing Maven projects] WARN  o.apache.maven.project.MavenProject - Plugin is modifying compileSourceRoots through add(), which will not work in Maven 4.0.0. Use MavenProject.addCompileSourceRoot()/removeCompileSourceRoot() methods instead. If using a plugin, please upgrade to the latest version or report the issue to the plugin maintainer. To disable these warnings, set -Dmaven.project.sourceRoots.warningsDisabled=true on the command line, in the .mvn/maven.config file, or in project POM properties.
2026-09-10 13:53:50,318 [Worker-31: Importing Maven projects] WARN  o.apache.maven.project.MavenProject - Plugin is modifying testCompileSourceRoots through clear(), which will not work in Maven 4.0.0. Use MavenProject.addTestCompileSourceRoot()/removeTestCompileSourceRoot() methods instead. If using a plugin, please upgrade to the latest version or report the issue to the plugin maintainer. To disable these warnings, set -Dmaven.project.sourceRoots.warningsDisabled=true on the command line, in the .mvn/maven.config file, or in project POM properties.
2026-09-10 13:53:50,320 [Worker-31: Importing Maven projects] WARN  o.apache.maven.project.MavenProject - Plugin is modifying testCompileSourceRoots through add(), which will not work in Maven 4.0.0. Use MavenProject.addTestCompileSourceRoot()/removeTestCompileSourceRoot() methods instead. If using a plugin, please upgrade to the latest version or report the issue to the plugin maintainer. To disable these warnings, set -Dmaven.project.sourceRoots.warningsDisabled=true on the command line, in the .mvn/maven.config file, or in project POM properties.
2026-09-10 13:53:50,330 [Worker-31: Importing Maven projects] INFO  o.e.m.c.i.p.ProjectConfigurationManager - Imported and configured 1 project(s) in 0 sec
2026-09-10 13:53:51,423 [Worker-36: Building] INFO  o.a.m.s.f.DefaultMavenResourcesFiltering - skip non existing resourceDirectory C:\Users\fs\Downloads\ORS\src\main\resources
2026-09-10 13:53:51,437 [Worker-36: Building] INFO  o.a.m.s.f.DefaultMavenResourcesFiltering - skip non existing resourceDirectory C:\Users\fs\Downloads\ORS\src\test\resources
2026-09-10 13:53:51,458 [Worker-36: Building] WARN  o.apache.maven.project.MavenProject - Plugin is modifying compileSourceRoots through clear(), which will not work in Maven 4.0.0. Use MavenProject.addCompileSourceRoot()/removeCompileSourceRoot() methods instead. If using a plugin, please upgrade to the latest version or report the issue to the plugin maintainer. To disable these warnings, set -Dmaven.project.sourceRoots.warningsDisabled=true on the command line, in the .mvn/maven.config file, or in project POM properties.
2026-09-10 13:53:51,459 [Worker-36: Building] WARN  o.apache.maven.project.MavenProject - Plugin is modifying compileSourceRoots through add(), which will not work in Maven 4.0.0. Use MavenProject.addCompileSourceRoot()/removeCompileSourceRoot() methods instead. If using a plugin, please upgrade to the latest version or report the issue to the plugin maintainer. To disable these warnings, set -Dmaven.project.sourceRoots.warningsDisabled=true on the command line, in the .mvn/maven.config file, or in project POM properties.
2026-09-10 13:53:51,466 [Worker-36: Building] WARN  o.apache.maven.project.MavenProject - Plugin is modifying testCompileSourceRoots through clear(), which will not work in Maven 4.0.0. Use MavenProject.addTestCompileSourceRoot()/removeTestCompileSourceRoot() methods instead. If using a plugin, please upgrade to the latest version or report the issue to the plugin maintainer. To disable these warnings, set -Dmaven.project.sourceRoots.warningsDisabled=true on the command line, in the .mvn/maven.config file, or in project POM properties.
2026-09-10 13:53:51,468 [Worker-36: Building] WARN  o.apache.maven.project.MavenProject - Plugin is modifying testCompileSourceRoots through add(), which will not work in Maven 4.0.0. Use MavenProject.addTestCompileSourceRoot()/removeTestCompileSourceRoot() methods instead. If using a plugin, please upgrade to the latest version or report the issue to the plugin maintainer. To disable these warnings, set -Dmaven.project.sourceRoots.warningsDisabled=true on the command line, in the .mvn/maven.config file, or in project POM properties.
2026-09-10 14:01:10,613 [Worker-34: Building] INFO  o.e.m.c.i.l.LifecycleMappingFactory - Using org.eclipse.m2e.jdt.JarLifecycleMapping lifecycle mapping for MavenProject: KMIT:ORS:0.0.1-SNAPSHOT @ C:\Users\fs\Downloads\ORS\pom.xml.
2026-09-10 14:01:11,471 [Worker-34: Building] INFO  o.a.m.s.f.DefaultMavenResourcesFiltering - skip non existing resourceDirectory C:\Users\fs\Downloads\ORS\src\main\resources
2026-09-10 14:01:11,484 [Worker-34: Building] INFO  o.a.m.s.f.DefaultMavenResourcesFiltering - skip non existing resourceDirectory C:\Users\fs\Downloads\ORS\src\test\resources
2026-09-10 14:01:11,485 [Worker-34: Building] WARN  o.apache.maven.project.MavenProject - Plugin is modifying compileSourceRoots through clear(), which will not work in Maven 4.0.0. Use MavenProject.addCompileSourceRoot()/removeCompileSourceRoot() methods instead. If using a plugin, please upgrade to the latest version or report the issue to the plugin maintainer. To disable these warnings, set -Dmaven.project.sourceRoots.warningsDisabled=true on the command line, in the .mvn/maven.config file, or in project POM properties.
2026-09-10 14:01:11,487 [Worker-34: Building] WARN  o.apache.maven.project.MavenProject - Plugin is modifying compileSourceRoots through add(), which will not work in Maven 4.0.0. Use MavenProject.addCompileSourceRoot()/removeCompileSourceRoot() methods instead. If using a plugin, please upgrade to the latest version or report the issue to the plugin maintainer. To disable these warnings, set -Dmaven.project.sourceRoots.warningsDisabled=true on the command line, in the .mvn/maven.config file, or in project POM properties.
2026-09-10 14:01:11,488 [Worker-34: Building] WARN  o.apache.maven.project.MavenProject - Plugin is modifying testCompileSourceRoots through clear(), which will not work in Maven 4.0.0. Use MavenProject.addTestCompileSourceRoot()/removeTestCompileSourceRoot() methods instead. If using a plugin, please upgrade to the latest version or report the issue to the plugin maintainer. To disable these warnings, set -Dmaven.project.sourceRoots.warningsDisabled=true on the command line, in the .mvn/maven.config file, or in project POM properties.
2026-09-10 14:01:11,489 [Worker-34: Building] WARN  o.apache.maven.project.MavenProject - Plugin is modifying testCompileSourceRoots through add(), which will not work in Maven 4.0.0. Use MavenProject.addTestCompileSourceRoot()/removeTestCompileSourceRoot() methods instead. If using a plugin, please upgrade to the latest version or report the issue to the plugin maintainer. To disable these warnings, set -Dmaven.project.sourceRoots.warningsDisabled=true on the command line, in the .mvn/maven.config file, or in project POM properties.
2026-09-10 14:01:11,513 [Worker-38: Updating Maven Project] INFO  o.e.m.c.i.p.ProjectConfigurationManager - Update started
2026-09-10 14:01:11,624 [Worker-38: Updating Maven Project] INFO  o.e.m.c.i.l.LifecycleMappingFactory - Using org.eclipse.m2e.jdt.JarLifecycleMapping lifecycle mapping for MavenProject: KMIT:ORS:0.0.1-SNAPSHOT @ C:\Users\fs\Downloads\ORS\pom.xml.
2026-09-10 14:01:11,695 [Worker-38: Updating Maven Project] INFO  o.e.m.j.i.AbstractJavaProjectConfigurator - Adding source folder /ORS/src/main/java
2026-09-10 14:01:11,696 [Worker-38: Updating Maven Project] INFO  o.e.m.j.i.AbstractJavaProjectConfigurator - Adding resource folder /ORS/src/main/resources
2026-09-10 14:01:11,697 [Worker-38: Updating Maven Project] INFO  o.e.m.j.i.AbstractJavaProjectConfigurator - Adding source folder /ORS/src/test/java
2026-09-10 14:01:11,698 [Worker-38: Updating Maven Project] INFO  o.e.m.j.i.AbstractJavaProjectConfigurator - Adding resource folder /ORS/src/test/resources
2026-09-10 14:01:11,732 [Worker-38: Updating Maven Project] WARN  o.apache.maven.project.MavenProject - Plugin is modifying compileSourceRoots through clear(), which will not work in Maven 4.0.0. Use MavenProject.addCompileSourceRoot()/removeCompileSourceRoot() methods instead. If using a plugin, please upgrade to the latest version or report the issue to the plugin maintainer. To disable these warnings, set -Dmaven.project.sourceRoots.warningsDisabled=true on the command line, in the .mvn/maven.config file, or in project POM properties.
2026-09-10 14:01:11,733 [Worker-38: Updating Maven Project] WARN  o.apache.maven.project.MavenProject - Plugin is modifying compileSourceRoots through add(), which will not work in Maven 4.0.0. Use MavenProject.addCompileSourceRoot()/removeCompileSourceRoot() methods instead. If using a plugin, please upgrade to the latest version or report the issue to the plugin maintainer. To disable these warnings, set -Dmaven.project.sourceRoots.warningsDisabled=true on the command line, in the .mvn/maven.config file, or in project POM properties.
2026-09-10 14:01:11,735 [Worker-38: Updating Maven Project] WARN  o.apache.maven.project.MavenProject - Plugin is modifying testCompileSourceRoots through clear(), which will not work in Maven 4.0.0. Use MavenProject.addTestCompileSourceRoot()/removeTestCompileSourceRoot() methods instead. If using a plugin, please upgrade to the latest version or report the issue to the plugin maintainer. To disable these warnings, set -Dmaven.project.sourceRoots.warningsDisabled=true on the command line, in the .mvn/maven.config file, or in project POM properties.
2026-09-10 14:01:11,736 [Worker-38: Updating Maven Project] WARN  o.apache.maven.project.MavenProject - Plugin is modifying testCompileSourceRoots through add(), which will not work in Maven 4.0.0. Use MavenProject.addTestCompileSourceRoot()/removeTestCompileSourceRoot() methods instead. If using a plugin, please upgrade to the latest version or report the issue to the plugin maintainer. To disable these warnings, set -Dmaven.project.sourceRoots.warningsDisabled=true on the command line, in the .mvn/maven.config file, or in project POM properties.
2026-09-10 14:01:11,780 [Worker-38: Updating Maven Project] INFO  o.e.m.c.i.p.ProjectConfigurationManager - Update completed for 1 poms: local refresh takes 0.00 sec, refresh facades takes 0.00 sec, update config takes 0.00 sec 
2026-09-10 14:01:12,738 [Worker-39: Building] INFO  o.a.m.s.f.DefaultMavenResourcesFiltering - skip non existing resourceDirectory C:\Users\fs\Downloads\ORS\src\main\resources
2026-09-10 14:01:12,745 [Worker-39: Building] INFO  o.a.m.s.f.DefaultMavenResourcesFiltering - skip non existing resourceDirectory C:\Users\fs\Downloads\ORS\src\test\resources
2026-09-10 14:01:12,745 [Worker-39: Building] WARN  o.apache.maven.project.MavenProject - Plugin is modifying compileSourceRoots through clear(), which will not work in Maven 4.0.0. Use MavenProject.addCompileSourceRoot()/removeCompileSourceRoot() methods instead. If using a plugin, please upgrade to the latest version or report the issue to the plugin maintainer. To disable these warnings, set -Dmaven.project.sourceRoots.warningsDisabled=true on the command line, in the .mvn/maven.config file, or in project POM properties.
2026-09-10 14:01:12,749 [Worker-39: Building] WARN  o.apache.maven.project.MavenProject - Plugin is modifying compileSourceRoots through add(), which will not work in Maven 4.0.0. Use MavenProject.addCompileSourceRoot()/removeCompileSourceRoot() methods instead. If using a plugin, please upgrade to the latest version or report the issue to the plugin maintainer. To disable these warnings, set -Dmaven.project.sourceRoots.warningsDisabled=true on the command line, in the .mvn/maven.config file, or in project POM properties.
2026-09-10 14:01:12,752 [Worker-39: Building] WARN  o.apache.maven.project.MavenProject - Plugin is modifying testCompileSourceRoots through clear(), which will not work in Maven 4.0.0. Use MavenProject.addTestCompileSourceRoot()/removeTestCompileSourceRoot() methods instead. If using a plugin, please upgrade to the latest version or report the issue to the plugin maintainer. To disable these warnings, set -Dmaven.project.sourceRoots.warningsDisabled=true on the command line, in the .mvn/maven.config file, or in project POM properties.
2026-09-10 14:01:12,753 [Worker-39: Building] WARN  o.apache.maven.project.MavenProject - Plugin is modifying testCompileSourceRoots through add(), which will not work in Maven 4.0.0. Use MavenProject.addTestCompileSourceRoot()/removeTestCompileSourceRoot() methods instead. If using a plugin, please upgrade to the latest version or report the issue to the plugin maintainer. To disable these warnings, set -Dmaven.project.sourceRoots.warningsDisabled=true on the command line, in the .mvn/maven.config file, or in project POM properties.
2026-09-10 14:02:38,150 [Worker-38: Launching Executing clean in C__Users_fs_Downloads_ORS] INFO  o.eclipse.m2e.core.internal.Bundles - getClasspathEntries(Bundle=org.eclipse.m2e.maven.runtime_3.9.1600.20260522-0510 [308])
2026-09-10 14:02:38,154 [Worker-38: Launching Executing clean in C__Users_fs_Downloads_ORS] INFO  o.eclipse.m2e.core.internal.Bundles - 	Entry: C:\Users\fs\.p2\pool\plugins\org.eclipse.m2e.maven.runtime_3.9.1600.20260522-0510
2026-09-10 14:02:38,154 [Worker-38: Launching Executing clean in C__Users_fs_Downloads_ORS] INFO  o.eclipse.m2e.core.internal.Bundles - 	Entry: C:\Users\fs\.p2\pool\plugins\org.eclipse.m2e.maven.runtime_3.9.1600.20260522-0510\jars\aopalliance-1.0.jar
2026-09-10 14:02:38,154 [Worker-38: Launching Executing clean in C__Users_fs_Downloads_ORS] INFO  o.eclipse.m2e.core.internal.Bundles - 	Entry: C:\Users\fs\.p2\pool\plugins\org.eclipse.m2e.maven.runtime_3.9.1600.20260522-0510\jars\asm-9.9.1.jar
2026-09-10 14:02:38,155 [Worker-38: Launching Executing clean in C__Users_fs_Downloads_ORS] INFO  o.eclipse.m2e.core.internal.Bundles - 	Entry: C:\Users\fs\.p2\pool\plugins\org.eclipse.m2e.maven.runtime_3.9.1600.20260522-0510\jars\error_prone_annotations-2.41.0.jar
2026-09-10 14:02:38,156 [Worker-38: Launching Executing clean in C__Users_fs_Downloads_ORS] INFO  o.eclipse.m2e.core.internal.Bundles - 	Entry: C:\Users\fs\.p2\pool\plugins\org.eclipse.m2e.maven.runtime_3.9.1600.20260522-0510\jars\gson-2.13.2.jar
2026-09-10 14:02:38,157 [Worker-38: Launching Executing clean in C__Users_fs_Downloads_ORS] INFO  o.eclipse.m2e.core.internal.Bundles - 	Entry: C:\Users\fs\.p2\pool\plugins\org.eclipse.m2e.maven.runtime_3.9.1600.20260522-0510\jars\guice-5.1.0-classes.jar
2026-09-10 14:02:38,158 [Worker-38: Launching Executing clean in C__Users_fs_Downloads_ORS] INFO  o.eclipse.m2e.core.internal.Bundles - 	Entry: C:\Users\fs\.p2\pool\plugins\org.eclipse.m2e.maven.runtime_3.9.1600.20260522-0510\jars\httpclient-4.5.14.jar
2026-09-10 14:02:38,159 [Worker-38: Launching Executing clean in C__Users_fs_Downloads_ORS] INFO  o.eclipse.m2e.core.internal.Bundles - 	Entry: C:\Users\fs\.p2\pool\plugins\org.eclipse.m2e.maven.runtime_3.9.1600.20260522-0510\jars\httpcore-4.4.16.jar
2026-09-10 14:02:38,160 [Worker-38: Launching Executing clean in C__Users_fs_Downloads_ORS] INFO  o.eclipse.m2e.core.internal.Bundles - 	Entry: C:\Users\fs\.p2\pool\plugins\org.eclipse.m2e.maven.runtime_3.9.1600.20260522-0510\jars\jansi-2.4.3.jar
2026-09-10 14:02:38,160 [Worker-38: Launching Executing clean in C__Users_fs_Downloads_ORS] INFO  o.eclipse.m2e.core.internal.Bundles - 	Entry: C:\Users\fs\.p2\pool\plugins\org.eclipse.m2e.maven.runtime_3.9.1600.20260522-0510\jars\jcl-over-slf4j-1.7.36.jar
2026-09-10 14:02:38,160 [Worker-38: Launching Executing clean in C__Users_fs_Downloads_ORS] INFO  o.eclipse.m2e.core.internal.Bundles - 	Entry: C:\Users\fs\.p2\pool\plugins\org.eclipse.m2e.maven.runtime_3.9.1600.20260522-0510\jars\maven-artifact-3.9.16.jar
2026-09-10 14:02:38,161 [Worker-38: Launching Executing clean in C__Users_fs_Downloads_ORS] INFO  o.eclipse.m2e.core.internal.Bundles - 	Entry: C:\Users\fs\.p2\pool\plugins\org.eclipse.m2e.maven.runtime_3.9.1600.20260522-0510\jars\maven-builder-support-3.9.16.jar
2026-09-10 14:02:38,161 [Worker-38: Launching Executing clean in C__Users_fs_Downloads_ORS] INFO  o.eclipse.m2e.core.internal.Bundles - 	Entry: C:\Users\fs\.p2\pool\plugins\org.eclipse.m2e.maven.runtime_3.9.1600.20260522-0510\jars\maven-compat-3.9.16.jar
2026-09-10 14:02:38,161 [Worker-38: Launching Executing clean in C__Users_fs_Downloads_ORS] INFO  o.eclipse.m2e.core.internal.Bundles - 	Entry: C:\Users\fs\.p2\pool\plugins\org.eclipse.m2e.maven.runtime_3.9.1600.20260522-0510\jars\maven-core-3.9.16.jar
2026-09-10 14:02:38,161 [Worker-38: Launching Executing clean in C__Users_fs_Downloads_ORS] INFO  o.eclipse.m2e.core.internal.Bundles - 	Entry: C:\Users\fs\.p2\pool\plugins\org.eclipse.m2e.maven.runtime_3.9.1600.20260522-0510\jars\maven-embedder-3.9.16.jar
2026-09-10 14:02:38,163 [Worker-38: Launching Executing clean in C__Users_fs_Downloads_ORS] INFO  o.eclipse.m2e.core.internal.Bundles - 	Entry: C:\Users\fs\.p2\pool\plugins\org.eclipse.m2e.maven.runtime_3.9.1600.20260522-0510\jars\maven-model-3.9.16.jar
2026-09-10 14:02:38,163 [Worker-38: Launching Executing clean in C__Users_fs_Downloads_ORS] INFO  o.eclipse.m2e.core.internal.Bundles - 	Entry: C:\Users\fs\.p2\pool\plugins\org.eclipse.m2e.maven.runtime_3.9.1600.20260522-0510\jars\maven-model-builder-3.9.16.jar
2026-09-10 14:02:38,164 [Worker-38: Launching Executing clean in C__Users_fs_Downloads_ORS] INFO  o.eclipse.m2e.core.internal.Bundles - 	Entry: C:\Users\fs\.p2\pool\plugins\org.eclipse.m2e.maven.runtime_3.9.1600.20260522-0510\jars\maven-plugin-api-3.9.16.jar
2026-09-10 14:02:38,164 [Worker-38: Launching Executing clean in C__Users_fs_Downloads_ORS] INFO  o.eclipse.m2e.core.internal.Bundles - 	Entry: C:\Users\fs\.p2\pool\plugins\org.eclipse.m2e.maven.runtime_3.9.1600.20260522-0510\jars\maven-repository-metadata-3.9.16.jar
2026-09-10 14:02:38,164 [Worker-38: Launching Executing clean in C__Users_fs_Downloads_ORS] INFO  o.eclipse.m2e.core.internal.Bundles - 	Entry: C:\Users\fs\.p2\pool\plugins\org.eclipse.m2e.maven.runtime_3.9.1600.20260522-0510\jars\maven-resolver-api-1.9.27.jar
2026-09-10 14:02:38,164 [Worker-38: Launching Executing clean in C__Users_fs_Downloads_ORS] INFO  o.eclipse.m2e.core.internal.Bundles - 	Entry: C:\Users\fs\.p2\pool\plugins\org.eclipse.m2e.maven.runtime_3.9.1600.20260522-0510\jars\maven-resolver-connector-basic-1.9.27.jar
2026-09-10 14:02:38,165 [Worker-38: Launching Executing clean in C__Users_fs_Downloads_ORS] INFO  o.eclipse.m2e.core.internal.Bundles - 	Entry: C:\Users\fs\.p2\pool\plugins\org.eclipse.m2e.maven.runtime_3.9.1600.20260522-0510\jars\maven-resolver-impl-1.9.27.jar
2026-09-10 14:02:38,165 [Worker-38: Launching Executing clean in C__Users_fs_Downloads_ORS] INFO  o.eclipse.m2e.core.internal.Bundles - 	Entry: C:\Users\fs\.p2\pool\plugins\org.eclipse.m2e.maven.runtime_3.9.1600.20260522-0510\jars\maven-resolver-named-locks-1.9.27.jar
2026-09-10 14:02:38,165 [Worker-38: Launching Executing clean in C__Users_fs_Downloads_ORS] INFO  o.eclipse.m2e.core.internal.Bundles - 	Entry: C:\Users\fs\.p2\pool\plugins\org.eclipse.m2e.maven.runtime_3.9.1600.20260522-0510\jars\maven-resolver-provider-3.9.16.jar
2026-09-10 14:02:38,165 [Worker-38: Launching Executing clean in C__Users_fs_Downloads_ORS] INFO  o.eclipse.m2e.core.internal.Bundles - 	Entry: C:\Users\fs\.p2\pool\plugins\org.eclipse.m2e.maven.runtime_3.9.1600.20260522-0510\jars\maven-resolver-spi-1.9.27.jar
2026-09-10 14:02:38,166 [Worker-38: Launching Executing clean in C__Users_fs_Downloads_ORS] INFO  o.eclipse.m2e.core.internal.Bundles - 	Entry: C:\Users\fs\.p2\pool\plugins\org.eclipse.m2e.maven.runtime_3.9.1600.20260522-0510\jars\maven-resolver-transport-file-1.9.27.jar
2026-09-10 14:02:38,166 [Worker-38: Launching Executing clean in C__Users_fs_Downloads_ORS] INFO  o.eclipse.m2e.core.internal.Bundles - 	Entry: C:\Users\fs\.p2\pool\plugins\org.eclipse.m2e.maven.runtime_3.9.1600.20260522-0510\jars\maven-resolver-transport-http-1.9.27.jar
2026-09-10 14:02:38,166 [Worker-38: Launching Executing clean in C__Users_fs_Downloads_ORS] INFO  o.eclipse.m2e.core.internal.Bundles - 	Entry: C:\Users\fs\.p2\pool\plugins\org.eclipse.m2e.maven.runtime_3.9.1600.20260522-0510\jars\maven-resolver-transport-wagon-1.9.27.jar
2026-09-10 14:02:38,167 [Worker-38: Launching Executing clean in C__Users_fs_Downloads_ORS] INFO  o.eclipse.m2e.core.internal.Bundles - 	Entry: C:\Users\fs\.p2\pool\plugins\org.eclipse.m2e.maven.runtime_3.9.1600.20260522-0510\jars\maven-resolver-util-1.9.27.jar
2026-09-10 14:02:38,167 [Worker-38: Launching Executing clean in C__Users_fs_Downloads_ORS] INFO  o.eclipse.m2e.core.internal.Bundles - 	Entry: C:\Users\fs\.p2\pool\plugins\org.eclipse.m2e.maven.runtime_3.9.1600.20260522-0510\jars\maven-settings-3.9.16.jar
2026-09-10 14:02:38,167 [Worker-38: Launching Executing clean in C__Users_fs_Downloads_ORS] INFO  o.eclipse.m2e.core.internal.Bundles - 	Entry: C:\Users\fs\.p2\pool\plugins\org.eclipse.m2e.maven.runtime_3.9.1600.20260522-0510\jars\maven-settings-builder-3.9.16.jar
2026-09-10 14:02:38,167 [Worker-38: Launching Executing clean in C__Users_fs_Downloads_ORS] INFO  o.eclipse.m2e.core.internal.Bundles - 	Entry: C:\Users\fs\.p2\pool\plugins\org.eclipse.m2e.maven.runtime_3.9.1600.20260522-0510\jars\maven-shared-utils-3.4.2.jar
2026-09-10 14:02:38,168 [Worker-38: Launching Executing clean in C__Users_fs_Downloads_ORS] INFO  o.eclipse.m2e.core.internal.Bundles - 	Entry: C:\Users\fs\.p2\pool\plugins\org.eclipse.m2e.maven.runtime_3.9.1600.20260522-0510\jars\org.eclipse.sisu.inject-1.0.0.jar
2026-09-10 14:02:38,168 [Worker-38: Launching Executing clean in C__Users_fs_Downloads_ORS] INFO  o.eclipse.m2e.core.internal.Bundles - 	Entry: C:\Users\fs\.p2\pool\plugins\org.eclipse.m2e.maven.runtime_3.9.1600.20260522-0510\jars\org.eclipse.sisu.plexus-1.0.0.jar
2026-09-10 14:02:38,168 [Worker-38: Launching Executing clean in C__Users_fs_Downloads_ORS] INFO  o.eclipse.m2e.core.internal.Bundles - 	Entry: C:\Users\fs\.p2\pool\plugins\org.eclipse.m2e.maven.runtime_3.9.1600.20260522-0510\jars\plexus-build-api-0.0.7.jar
2026-09-10 14:02:38,168 [Worker-38: Launching Executing clean in C__Users_fs_Downloads_ORS] INFO  o.eclipse.m2e.core.internal.Bundles - 	Entry: C:\Users\fs\.p2\pool\plugins\org.eclipse.m2e.maven.runtime_3.9.1600.20260522-0510\jars\plexus-build-api-1.2.0.jar
2026-09-10 14:02:38,169 [Worker-38: Launching Executing clean in C__Users_fs_Downloads_ORS] INFO  o.eclipse.m2e.core.internal.Bundles - 	Entry: C:\Users\fs\.p2\pool\plugins\org.eclipse.m2e.maven.runtime_3.9.1600.20260522-0510\jars\plexus-cipher-2.0.jar
2026-09-10 14:02:38,170 [Worker-38: Launching Executing clean in C__Users_fs_Downloads_ORS] INFO  o.eclipse.m2e.core.internal.Bundles - 	Entry: C:\Users\fs\.p2\pool\plugins\org.eclipse.m2e.maven.runtime_3.9.1600.20260522-0510\jars\plexus-classworlds-2.11.0.jar
2026-09-10 14:02:38,170 [Worker-38: Launching Executing clean in C__Users_fs_Downloads_ORS] INFO  o.eclipse.m2e.core.internal.Bundles - 	Entry: C:\Users\fs\.p2\pool\plugins\org.eclipse.m2e.maven.runtime_3.9.1600.20260522-0510\jars\plexus-component-annotations-2.2.0.jar
2026-09-10 14:02:38,170 [Worker-38: Launching Executing clean in C__Users_fs_Downloads_ORS] INFO  o.eclipse.m2e.core.internal.Bundles - 	Entry: C:\Users\fs\.p2\pool\plugins\org.eclipse.m2e.maven.runtime_3.9.1600.20260522-0510\jars\plexus-interpolation-1.29.jar
2026-09-10 14:02:38,171 [Worker-38: Launching Executing clean in C__Users_fs_Downloads_ORS] INFO  o.eclipse.m2e.core.internal.Bundles - 	Entry: C:\Users\fs\.p2\pool\plugins\org.eclipse.m2e.maven.runtime_3.9.1600.20260522-0510\jars\plexus-sec-dispatcher-2.0.jar
2026-09-10 14:02:38,171 [Worker-38: Launching Executing clean in C__Users_fs_Downloads_ORS] INFO  o.eclipse.m2e.core.internal.Bundles - 	Entry: C:\Users\fs\.p2\pool\plugins\org.eclipse.m2e.maven.runtime_3.9.1600.20260522-0510\jars\plexus-utils-3.6.1.jar
2026-09-10 14:02:38,171 [Worker-38: Launching Executing clean in C__Users_fs_Downloads_ORS] INFO  o.eclipse.m2e.core.internal.Bundles - 	Entry: C:\Users\fs\.p2\pool\plugins\org.eclipse.m2e.maven.runtime_3.9.1600.20260522-0510\jars\wagon-file-3.5.3.jar
2026-09-10 14:02:38,171 [Worker-38: Launching Executing clean in C__Users_fs_Downloads_ORS] INFO  o.eclipse.m2e.core.internal.Bundles - 	Entry: C:\Users\fs\.p2\pool\plugins\org.eclipse.m2e.maven.runtime_3.9.1600.20260522-0510\jars\wagon-http-3.5.3.jar
2026-09-10 14:02:38,171 [Worker-38: Launching Executing clean in C__Users_fs_Downloads_ORS] INFO  o.eclipse.m2e.core.internal.Bundles - 	Entry: C:\Users\fs\.p2\pool\plugins\org.eclipse.m2e.maven.runtime_3.9.1600.20260522-0510\jars\wagon-http-shared-3.5.3.jar
2026-09-10 14:02:38,172 [Worker-38: Launching Executing clean in C__Users_fs_Downloads_ORS] INFO  o.eclipse.m2e.core.internal.Bundles - 	Entry: C:\Users\fs\.p2\pool\plugins\org.eclipse.m2e.maven.runtime_3.9.1600.20260522-0510\jars\wagon-provider-api-3.5.3.jar
2026-09-10 14:02:38,175 [Worker-38: Launching Executing clean in C__Users_fs_Downloads_ORS] INFO  o.eclipse.m2e.core.internal.Bundles - getClasspathEntries(Bundle=com.google.guava_33.6.0.jre [13])
2026-09-10 14:02:38,176 [Worker-38: Launching Executing clean in C__Users_fs_Downloads_ORS] INFO  o.eclipse.m2e.core.internal.Bundles - 	Entry: C:\Users\fs\.p2\pool\plugins\com.google.guava_33.6.0.jre.jar
2026-09-10 14:02:38,176 [Worker-38: Launching Executing clean in C__Users_fs_Downloads_ORS] INFO  o.eclipse.m2e.core.internal.Bundles - getClasspathEntries(Bundle=slf4j.api_2.0.18 [532])
2026-09-10 14:02:38,177 [Worker-38: Launching Executing clean in C__Users_fs_Downloads_ORS] INFO  o.eclipse.m2e.core.internal.Bundles - 	Entry: C:\Users\fs\.p2\pool\plugins\slf4j.api_2.0.18.jar
2026-09-10 14:02:38,177 [Worker-38: Launching Executing clean in C__Users_fs_Downloads_ORS] INFO  o.eclipse.m2e.core.internal.Bundles - getClasspathEntries(Bundle=jakarta.inject.jakarta.inject-api_1.0.5 [24])
2026-09-10 14:02:38,177 [Worker-38: Launching Executing clean in C__Users_fs_Downloads_ORS] INFO  o.eclipse.m2e.core.internal.Bundles - 	Entry: C:\Users\fs\.p2\pool\plugins\jakarta.inject.jakarta.inject-api_1.0.5.jar
2026-09-10 14:02:38,190 [Worker-38: Launching Executing clean in C__Users_fs_Downloads_ORS] INFO  o.eclipse.m2e.core.internal.Bundles - getClasspathEntries(Bundle=jakarta.annotation-api_1.3.5 [22])
2026-09-10 14:02:38,191 [Worker-38: Launching Executing clean in C__Users_fs_Downloads_ORS] INFO  o.eclipse.m2e.core.internal.Bundles - 	Entry: C:\Users\fs\.p2\pool\plugins\jakarta.annotation-api_1.3.5.jar
2026-09-10 14:02:38,191 [Worker-38: Launching Executing clean in C__Users_fs_Downloads_ORS] INFO  o.eclipse.m2e.core.internal.Bundles - getClasspathEntries(Bundle=org.apache.commons.cli_1.11.0 [56])
2026-09-10 14:02:38,192 [Worker-38: Launching Executing clean in C__Users_fs_Downloads_ORS] INFO  o.eclipse.m2e.core.internal.Bundles - 	Entry: C:\Users\fs\.p2\pool\plugins\org.apache.commons.cli_1.11.0.jar
2026-09-10 14:02:38,192 [Worker-38: Launching Executing clean in C__Users_fs_Downloads_ORS] INFO  o.eclipse.m2e.core.internal.Bundles - getClasspathEntries(Bundle=org.apache.commons.commons-codec_1.22.0 [57])
2026-09-10 14:02:38,193 [Worker-38: Launching Executing clean in C__Users_fs_Downloads_ORS] INFO  o.eclipse.m2e.core.internal.Bundles - 	Entry: C:\Users\fs\.p2\pool\plugins\org.apache.commons.commons-codec_1.22.0.jar
2026-09-10 14:02:38,194 [Worker-38: Launching Executing clean in C__Users_fs_Downloads_ORS] INFO  o.eclipse.m2e.core.internal.Bundles - getClasspathEntries(Bundle=com.google.guava.failureaccess_1.0.3 [14])
2026-09-10 14:02:38,195 [Worker-38: Launching Executing clean in C__Users_fs_Downloads_ORS] INFO  o.eclipse.m2e.core.internal.Bundles - 	Entry: C:\Users\fs\.p2\pool\plugins\com.google.guava.failureaccess_1.0.3.jar
2026-09-10 14:02:38,483 [Worker-38: Launching Executing clean in C__Users_fs_Downloads_ORS] INFO  o.e.m.i.launch.MavenLaunchDelegate - Run build in "C:\Users\fs\Downloads\ORS":
2026-09-10 14:02:38,498 [Worker-38: Launching Executing clean in C__Users_fs_Downloads_ORS] INFO  o.e.m.i.launch.MavenLaunchDelegate -  mvn  -B -Dstyle.color=always clean
2026-09-10 14:02:45,626 [Worker-31: Building] INFO  o.a.m.s.f.DefaultMavenResourcesFiltering - skip non existing resourceDirectory C:\Users\fs\Downloads\ORS\src\main\resources
2026-09-10 14:02:45,630 [Worker-31: Building] INFO  o.a.m.s.f.DefaultMavenResourcesFiltering - skip non existing resourceDirectory C:\Users\fs\Downloads\ORS\src\test\resources
2026-09-10 14:02:45,630 [Worker-31: Building] WARN  o.apache.maven.project.MavenProject - Plugin is modifying compileSourceRoots through clear(), which will not work in Maven 4.0.0. Use MavenProject.addCompileSourceRoot()/removeCompileSourceRoot() methods instead. If using a plugin, please upgrade to the latest version or report the issue to the plugin maintainer. To disable these warnings, set -Dmaven.project.sourceRoots.warningsDisabled=true on the command line, in the .mvn/maven.config file, or in project POM properties.
2026-09-10 14:02:45,631 [Worker-31: Building] WARN  o.apache.maven.project.MavenProject - Plugin is modifying compileSourceRoots through add(), which will not work in Maven 4.0.0. Use MavenProject.addCompileSourceRoot()/removeCompileSourceRoot() methods instead. If using a plugin, please upgrade to the latest version or report the issue to the plugin maintainer. To disable these warnings, set -Dmaven.project.sourceRoots.warningsDisabled=true on the command line, in the .mvn/maven.config file, or in project POM properties.
2026-09-10 14:02:45,632 [Worker-31: Building] WARN  o.apache.maven.project.MavenProject - Plugin is modifying testCompileSourceRoots through clear(), which will not work in Maven 4.0.0. Use MavenProject.addTestCompileSourceRoot()/removeTestCompileSourceRoot() methods instead. If using a plugin, please upgrade to the latest version or report the issue to the plugin maintainer. To disable these warnings, set -Dmaven.project.sourceRoots.warningsDisabled=true on the command line, in the .mvn/maven.config file, or in project POM properties.
2026-09-10 14:02:45,637 [Worker-31: Building] WARN  o.apache.maven.project.MavenProject - Plugin is modifying testCompileSourceRoots through add(), which will not work in Maven 4.0.0. Use MavenProject.addTestCompileSourceRoot()/removeTestCompileSourceRoot() methods instead. If using a plugin, please upgrade to the latest version or report the issue to the plugin maintainer. To disable these warnings, set -Dmaven.project.sourceRoots.warningsDisabled=true on the command line, in the .mvn/maven.config file, or in project POM properties.
2026-09-10 14:02:55,606 [Worker-34: Launching Executing install in C__Users_fs_Downloads_ORS] INFO  o.eclipse.m2e.core.internal.Bundles - getClasspathEntries(Bundle=org.eclipse.m2e.maven.runtime_3.9.1600.20260522-0510 [308])
2026-09-10 14:02:55,607 [Worker-34: Launching Executing install in C__Users_fs_Downloads_ORS] INFO  o.eclipse.m2e.core.internal.Bundles - 	Entry: C:\Users\fs\.p2\pool\plugins\org.eclipse.m2e.maven.runtime_3.9.1600.20260522-0510
2026-09-10 14:02:55,607 [Worker-34: Launching Executing install in C__Users_fs_Downloads_ORS] INFO  o.eclipse.m2e.core.internal.Bundles - 	Entry: C:\Users\fs\.p2\pool\plugins\org.eclipse.m2e.maven.runtime_3.9.1600.20260522-0510\jars\aopalliance-1.0.jar
2026-09-10 14:02:55,608 [Worker-34: Launching Executing install in C__Users_fs_Downloads_ORS] INFO  o.eclipse.m2e.core.internal.Bundles - 	Entry: C:\Users\fs\.p2\pool\plugins\org.eclipse.m2e.maven.runtime_3.9.1600.20260522-0510\jars\asm-9.9.1.jar
2026-09-10 14:02:55,608 [Worker-34: Launching Executing install in C__Users_fs_Downloads_ORS] INFO  o.eclipse.m2e.core.internal.Bundles - 	Entry: C:\Users\fs\.p2\pool\plugins\org.eclipse.m2e.maven.runtime_3.9.1600.20260522-0510\jars\error_prone_annotations-2.41.0.jar
2026-09-10 14:02:55,608 [Worker-34: Launching Executing install in C__Users_fs_Downloads_ORS] INFO  o.eclipse.m2e.core.internal.Bundles - 	Entry: C:\Users\fs\.p2\pool\plugins\org.eclipse.m2e.maven.runtime_3.9.1600.20260522-0510\jars\gson-2.13.2.jar
2026-09-10 14:02:55,608 [Worker-34: Launching Executing install in C__Users_fs_Downloads_ORS] INFO  o.eclipse.m2e.core.internal.Bundles - 	Entry: C:\Users\fs\.p2\pool\plugins\org.eclipse.m2e.maven.runtime_3.9.1600.20260522-0510\jars\guice-5.1.0-classes.jar
2026-09-10 14:02:55,609 [Worker-34: Launching Executing install in C__Users_fs_Downloads_ORS] INFO  o.eclipse.m2e.core.internal.Bundles - 	Entry: C:\Users\fs\.p2\pool\plugins\org.eclipse.m2e.maven.runtime_3.9.1600.20260522-0510\jars\httpclient-4.5.14.jar
2026-09-10 14:02:55,609 [Worker-34: Launching Executing install in C__Users_fs_Downloads_ORS] INFO  o.eclipse.m2e.core.internal.Bundles - 	Entry: C:\Users\fs\.p2\pool\plugins\org.eclipse.m2e.maven.runtime_3.9.1600.20260522-0510\jars\httpcore-4.4.16.jar
2026-09-10 14:02:55,609 [Worker-34: Launching Executing install in C__Users_fs_Downloads_ORS] INFO  o.eclipse.m2e.core.internal.Bundles - 	Entry: C:\Users\fs\.p2\pool\plugins\org.eclipse.m2e.maven.runtime_3.9.1600.20260522-0510\jars\jansi-2.4.3.jar
2026-09-10 14:02:55,609 [Worker-34: Launching Executing install in C__Users_fs_Downloads_ORS] INFO  o.eclipse.m2e.core.internal.Bundles - 	Entry: C:\Users\fs\.p2\pool\plugins\org.eclipse.m2e.maven.runtime_3.9.1600.20260522-0510\jars\jcl-over-slf4j-1.7.36.jar
2026-09-10 14:02:55,610 [Worker-34: Launching Executing install in C__Users_fs_Downloads_ORS] INFO  o.eclipse.m2e.core.internal.Bundles - 	Entry: C:\Users\fs\.p2\pool\plugins\org.eclipse.m2e.maven.runtime_3.9.1600.20260522-0510\jars\maven-artifact-3.9.16.jar
2026-09-10 14:02:55,610 [Worker-34: Launching Executing install in C__Users_fs_Downloads_ORS] INFO  o.eclipse.m2e.core.internal.Bundles - 	Entry: C:\Users\fs\.p2\pool\plugins\org.eclipse.m2e.maven.runtime_3.9.1600.20260522-0510\jars\maven-builder-support-3.9.16.jar
2026-09-10 14:02:55,610 [Worker-34: Launching Executing install in C__Users_fs_Downloads_ORS] INFO  o.eclipse.m2e.core.internal.Bundles - 	Entry: C:\Users\fs\.p2\pool\plugins\org.eclipse.m2e.maven.runtime_3.9.1600.20260522-0510\jars\maven-compat-3.9.16.jar
2026-09-10 14:02:55,610 [Worker-34: Launching Executing install in C__Users_fs_Downloads_ORS] INFO  o.eclipse.m2e.core.internal.Bundles - 	Entry: C:\Users\fs\.p2\pool\plugins\org.eclipse.m2e.maven.runtime_3.9.1600.20260522-0510\jars\maven-core-3.9.16.jar
2026-09-10 14:02:55,610 [Worker-34: Launching Executing install in C__Users_fs_Downloads_ORS] INFO  o.eclipse.m2e.core.internal.Bundles - 	Entry: C:\Users\fs\.p2\pool\plugins\org.eclipse.m2e.maven.runtime_3.9.1600.20260522-0510\jars\maven-embedder-3.9.16.jar
2026-09-10 14:02:55,611 [Worker-34: Launching Executing install in C__Users_fs_Downloads_ORS] INFO  o.eclipse.m2e.core.internal.Bundles - 	Entry: C:\Users\fs\.p2\pool\plugins\org.eclipse.m2e.maven.runtime_3.9.1600.20260522-0510\jars\maven-model-3.9.16.jar
2026-09-10 14:02:55,611 [Worker-34: Launching Executing install in C__Users_fs_Downloads_ORS] INFO  o.eclipse.m2e.core.internal.Bundles - 	Entry: C:\Users\fs\.p2\pool\plugins\org.eclipse.m2e.maven.runtime_3.9.1600.20260522-0510\jars\maven-model-builder-3.9.16.jar
2026-09-10 14:02:55,611 [Worker-34: Launching Executing install in C__Users_fs_Downloads_ORS] INFO  o.eclipse.m2e.core.internal.Bundles - 	Entry: C:\Users\fs\.p2\pool\plugins\org.eclipse.m2e.maven.runtime_3.9.1600.20260522-0510\jars\maven-plugin-api-3.9.16.jar
2026-09-10 14:02:55,612 [Worker-34: Launching Executing install in C__Users_fs_Downloads_ORS] INFO  o.eclipse.m2e.core.internal.Bundles - 	Entry: C:\Users\fs\.p2\pool\plugins\org.eclipse.m2e.maven.runtime_3.9.1600.20260522-0510\jars\maven-repository-metadata-3.9.16.jar
2026-09-10 14:02:55,612 [Worker-34: Launching Executing install in C__Users_fs_Downloads_ORS] INFO  o.eclipse.m2e.core.internal.Bundles - 	Entry: C:\Users\fs\.p2\pool\plugins\org.eclipse.m2e.maven.runtime_3.9.1600.20260522-0510\jars\maven-resolver-api-1.9.27.jar
2026-09-10 14:02:55,612 [Worker-34: Launching Executing install in C__Users_fs_Downloads_ORS] INFO  o.eclipse.m2e.core.internal.Bundles - 	Entry: C:\Users\fs\.p2\pool\plugins\org.eclipse.m2e.maven.runtime_3.9.1600.20260522-0510\jars\maven-resolver-connector-basic-1.9.27.jar
2026-09-10 14:02:55,612 [Worker-34: Launching Executing install in C__Users_fs_Downloads_ORS] INFO  o.eclipse.m2e.core.internal.Bundles - 	Entry: C:\Users\fs\.p2\pool\plugins\org.eclipse.m2e.maven.runtime_3.9.1600.20260522-0510\jars\maven-resolver-impl-1.9.27.jar
2026-09-10 14:02:55,613 [Worker-34: Launching Executing install in C__Users_fs_Downloads_ORS] INFO  o.eclipse.m2e.core.internal.Bundles - 	Entry: C:\Users\fs\.p2\pool\plugins\org.eclipse.m2e.maven.runtime_3.9.1600.20260522-0510\jars\maven-resolver-named-locks-1.9.27.jar
2026-09-10 14:02:55,613 [Worker-34: Launching Executing install in C__Users_fs_Downloads_ORS] INFO  o.eclipse.m2e.core.internal.Bundles - 	Entry: C:\Users\fs\.p2\pool\plugins\org.eclipse.m2e.maven.runtime_3.9.1600.20260522-0510\jars\maven-resolver-provider-3.9.16.jar
2026-09-10 14:02:55,613 [Worker-34: Launching Executing install in C__Users_fs_Downloads_ORS] INFO  o.eclipse.m2e.core.internal.Bundles - 	Entry: C:\Users\fs\.p2\pool\plugins\org.eclipse.m2e.maven.runtime_3.9.1600.20260522-0510\jars\maven-resolver-spi-1.9.27.jar
2026-09-10 14:02:55,613 [Worker-34: Launching Executing install in C__Users_fs_Downloads_ORS] INFO  o.eclipse.m2e.core.internal.Bundles - 	Entry: C:\Users\fs\.p2\pool\plugins\org.eclipse.m2e.maven.runtime_3.9.1600.20260522-0510\jars\maven-resolver-transport-file-1.9.27.jar
2026-09-10 14:02:55,614 [Worker-34: Launching Executing install in C__Users_fs_Downloads_ORS] INFO  o.eclipse.m2e.core.internal.Bundles - 	Entry: C:\Users\fs\.p2\pool\plugins\org.eclipse.m2e.maven.runtime_3.9.1600.20260522-0510\jars\maven-resolver-transport-http-1.9.27.jar
2026-09-10 14:02:55,616 [Worker-34: Launching Executing install in C__Users_fs_Downloads_ORS] INFO  o.eclipse.m2e.core.internal.Bundles - 	Entry: C:\Users\fs\.p2\pool\plugins\org.eclipse.m2e.maven.runtime_3.9.1600.20260522-0510\jars\maven-resolver-transport-wagon-1.9.27.jar
2026-09-10 14:02:55,616 [Worker-34: Launching Executing install in C__Users_fs_Downloads_ORS] INFO  o.eclipse.m2e.core.internal.Bundles - 	Entry: C:\Users\fs\.p2\pool\plugins\org.eclipse.m2e.maven.runtime_3.9.1600.20260522-0510\jars\maven-resolver-util-1.9.27.jar
2026-09-10 14:02:55,617 [Worker-34: Launching Executing install in C__Users_fs_Downloads_ORS] INFO  o.eclipse.m2e.core.internal.Bundles - 	Entry: C:\Users\fs\.p2\pool\plugins\org.eclipse.m2e.maven.runtime_3.9.1600.20260522-0510\jars\maven-settings-3.9.16.jar
2026-09-10 14:02:55,617 [Worker-34: Launching Executing install in C__Users_fs_Downloads_ORS] INFO  o.eclipse.m2e.core.internal.Bundles - 	Entry: C:\Users\fs\.p2\pool\plugins\org.eclipse.m2e.maven.runtime_3.9.1600.20260522-0510\jars\maven-settings-builder-3.9.16.jar
2026-09-10 14:02:55,617 [Worker-34: Launching Executing install in C__Users_fs_Downloads_ORS] INFO  o.eclipse.m2e.core.internal.Bundles - 	Entry: C:\Users\fs\.p2\pool\plugins\org.eclipse.m2e.maven.runtime_3.9.1600.20260522-0510\jars\maven-shared-utils-3.4.2.jar
2026-09-10 14:02:55,617 [Worker-34: Launching Executing install in C__Users_fs_Downloads_ORS] INFO  o.eclipse.m2e.core.internal.Bundles - 	Entry: C:\Users\fs\.p2\pool\plugins\org.eclipse.m2e.maven.runtime_3.9.1600.20260522-0510\jars\org.eclipse.sisu.inject-1.0.0.jar
2026-09-10 14:02:55,620 [Worker-34: Launching Executing install in C__Users_fs_Downloads_ORS] INFO  o.eclipse.m2e.core.internal.Bundles - 	Entry: C:\Users\fs\.p2\pool\plugins\org.eclipse.m2e.maven.runtime_3.9.1600.20260522-0510\jars\org.eclipse.sisu.plexus-1.0.0.jar
2026-09-10 14:02:55,620 [Worker-34: Launching Executing install in C__Users_fs_Downloads_ORS] INFO  o.eclipse.m2e.core.internal.Bundles - 	Entry: C:\Users\fs\.p2\pool\plugins\org.eclipse.m2e.maven.runtime_3.9.1600.20260522-0510\jars\plexus-build-api-0.0.7.jar
2026-09-10 14:02:55,620 [Worker-34: Launching Executing install in C__Users_fs_Downloads_ORS] INFO  o.eclipse.m2e.core.internal.Bundles - 	Entry: C:\Users\fs\.p2\pool\plugins\org.eclipse.m2e.maven.runtime_3.9.1600.20260522-0510\jars\plexus-build-api-1.2.0.jar
2026-09-10 14:02:55,620 [Worker-34: Launching Executing install in C__Users_fs_Downloads_ORS] INFO  o.eclipse.m2e.core.internal.Bundles - 	Entry: C:\Users\fs\.p2\pool\plugins\org.eclipse.m2e.maven.runtime_3.9.1600.20260522-0510\jars\plexus-cipher-2.0.jar
2026-09-10 14:02:55,621 [Worker-34: Launching Executing install in C__Users_fs_Downloads_ORS] INFO  o.eclipse.m2e.core.internal.Bundles - 	Entry: C:\Users\fs\.p2\pool\plugins\org.eclipse.m2e.maven.runtime_3.9.1600.20260522-0510\jars\plexus-classworlds-2.11.0.jar
2026-09-10 14:02:55,621 [Worker-34: Launching Executing install in C__Users_fs_Downloads_ORS] INFO  o.eclipse.m2e.core.internal.Bundles - 	Entry: C:\Users\fs\.p2\pool\plugins\org.eclipse.m2e.maven.runtime_3.9.1600.20260522-0510\jars\plexus-component-annotations-2.2.0.jar
2026-09-10 14:02:55,621 [Worker-34: Launching Executing install in C__Users_fs_Downloads_ORS] INFO  o.eclipse.m2e.core.internal.Bundles - 	Entry: C:\Users\fs\.p2\pool\plugins\org.eclipse.m2e.maven.runtime_3.9.1600.20260522-0510\jars\plexus-interpolation-1.29.jar
2026-09-10 14:02:55,621 [Worker-34: Launching Executing install in C__Users_fs_Downloads_ORS] INFO  o.eclipse.m2e.core.internal.Bundles - 	Entry: C:\Users\fs\.p2\pool\plugins\org.eclipse.m2e.maven.runtime_3.9.1600.20260522-0510\jars\plexus-sec-dispatcher-2.0.jar
2026-09-10 14:02:55,621 [Worker-34: Launching Executing install in C__Users_fs_Downloads_ORS] INFO  o.eclipse.m2e.core.internal.Bundles - 	Entry: C:\Users\fs\.p2\pool\plugins\org.eclipse.m2e.maven.runtime_3.9.1600.20260522-0510\jars\plexus-utils-3.6.1.jar
2026-09-10 14:02:55,622 [Worker-34: Launching Executing install in C__Users_fs_Downloads_ORS] INFO  o.eclipse.m2e.core.internal.Bundles - 	Entry: C:\Users\fs\.p2\pool\plugins\org.eclipse.m2e.maven.runtime_3.9.1600.20260522-0510\jars\wagon-file-3.5.3.jar
2026-09-10 14:02:55,622 [Worker-34: Launching Executing install in C__Users_fs_Downloads_ORS] INFO  o.eclipse.m2e.core.internal.Bundles - 	Entry: C:\Users\fs\.p2\pool\plugins\org.eclipse.m2e.maven.runtime_3.9.1600.20260522-0510\jars\wagon-http-3.5.3.jar
2026-09-10 14:02:55,622 [Worker-34: Launching Executing install in C__Users_fs_Downloads_ORS] INFO  o.eclipse.m2e.core.internal.Bundles - 	Entry: C:\Users\fs\.p2\pool\plugins\org.eclipse.m2e.maven.runtime_3.9.1600.20260522-0510\jars\wagon-http-shared-3.5.3.jar
2026-09-10 14:02:55,622 [Worker-34: Launching Executing install in C__Users_fs_Downloads_ORS] INFO  o.eclipse.m2e.core.internal.Bundles - 	Entry: C:\Users\fs\.p2\pool\plugins\org.eclipse.m2e.maven.runtime_3.9.1600.20260522-0510\jars\wagon-provider-api-3.5.3.jar
2026-09-10 14:02:55,624 [Worker-34: Launching Executing install in C__Users_fs_Downloads_ORS] INFO  o.eclipse.m2e.core.internal.Bundles - getClasspathEntries(Bundle=com.google.guava_33.6.0.jre [13])
2026-09-10 14:02:55,625 [Worker-34: Launching Executing install in C__Users_fs_Downloads_ORS] INFO  o.eclipse.m2e.core.internal.Bundles - 	Entry: C:\Users\fs\.p2\pool\plugins\com.google.guava_33.6.0.jre.jar
2026-09-10 14:02:55,625 [Worker-34: Launching Executing install in C__Users_fs_Downloads_ORS] INFO  o.eclipse.m2e.core.internal.Bundles - getClasspathEntries(Bundle=slf4j.api_2.0.18 [532])
2026-09-10 14:02:55,625 [Worker-34: Launching Executing install in C__Users_fs_Downloads_ORS] INFO  o.eclipse.m2e.core.internal.Bundles - 	Entry: C:\Users\fs\.p2\pool\plugins\slf4j.api_2.0.18.jar
2026-09-10 14:02:55,625 [Worker-34: Launching Executing install in C__Users_fs_Downloads_ORS] INFO  o.eclipse.m2e.core.internal.Bundles - getClasspathEntries(Bundle=jakarta.inject.jakarta.inject-api_1.0.5 [24])
2026-09-10 14:02:55,625 [Worker-34: Launching Executing install in C__Users_fs_Downloads_ORS] INFO  o.eclipse.m2e.core.internal.Bundles - 	Entry: C:\Users\fs\.p2\pool\plugins\jakarta.inject.jakarta.inject-api_1.0.5.jar
2026-09-10 14:02:55,625 [Worker-34: Launching Executing install in C__Users_fs_Downloads_ORS] INFO  o.eclipse.m2e.core.internal.Bundles - getClasspathEntries(Bundle=jakarta.annotation-api_1.3.5 [22])
2026-09-10 14:02:55,626 [Worker-34: Launching Executing install in C__Users_fs_Downloads_ORS] INFO  o.eclipse.m2e.core.internal.Bundles - 	Entry: C:\Users\fs\.p2\pool\plugins\jakarta.annotation-api_1.3.5.jar
2026-09-10 14:02:55,626 [Worker-34: Launching Executing install in C__Users_fs_Downloads_ORS] INFO  o.eclipse.m2e.core.internal.Bundles - getClasspathEntries(Bundle=org.apache.commons.cli_1.11.0 [56])
2026-09-10 14:02:55,626 [Worker-34: Launching Executing install in C__Users_fs_Downloads_ORS] INFO  o.eclipse.m2e.core.internal.Bundles - 	Entry: C:\Users\fs\.p2\pool\plugins\org.apache.commons.cli_1.11.0.jar
2026-09-10 14:02:55,626 [Worker-34: Launching Executing install in C__Users_fs_Downloads_ORS] INFO  o.eclipse.m2e.core.internal.Bundles - getClasspathEntries(Bundle=org.apache.commons.commons-codec_1.22.0 [57])
2026-09-10 14:02:55,627 [Worker-34: Launching Executing install in C__Users_fs_Downloads_ORS] INFO  o.eclipse.m2e.core.internal.Bundles - 	Entry: C:\Users\fs\.p2\pool\plugins\org.apache.commons.commons-codec_1.22.0.jar
2026-09-10 14:02:55,627 [Worker-34: Launching Executing install in C__Users_fs_Downloads_ORS] INFO  o.eclipse.m2e.core.internal.Bundles - getClasspathEntries(Bundle=com.google.guava.failureaccess_1.0.3 [14])
2026-09-10 14:02:55,627 [Worker-34: Launching Executing install in C__Users_fs_Downloads_ORS] INFO  o.eclipse.m2e.core.internal.Bundles - 	Entry: C:\Users\fs\.p2\pool\plugins\com.google.guava.failureaccess_1.0.3.jar
2026-09-10 14:02:55,628 [Worker-34: Launching Executing install in C__Users_fs_Downloads_ORS] INFO  o.e.m.i.launch.MavenLaunchDelegate - Run build in "C:\Users\fs\Downloads\ORS":
2026-09-10 14:02:55,629 [Worker-34: Launching Executing install in C__Users_fs_Downloads_ORS] INFO  o.e.m.i.launch.MavenLaunchDelegate -  mvn  -B -Dstyle.color=always install
2026-09-10 14:03:19,054 [Worker-34: Launching Executing test in C__Users_fs_Downloads_ORS] INFO  o.eclipse.m2e.core.internal.Bundles - getClasspathEntries(Bundle=org.eclipse.m2e.maven.runtime_3.9.1600.20260522-0510 [308])
2026-09-10 14:03:19,055 [Worker-34: Launching Executing test in C__Users_fs_Downloads_ORS] INFO  o.eclipse.m2e.core.internal.Bundles - 	Entry: C:\Users\fs\.p2\pool\plugins\org.eclipse.m2e.maven.runtime_3.9.1600.20260522-0510
2026-09-10 14:03:19,055 [Worker-34: Launching Executing test in C__Users_fs_Downloads_ORS] INFO  o.eclipse.m2e.core.internal.Bundles - 	Entry: C:\Users\fs\.p2\pool\plugins\org.eclipse.m2e.maven.runtime_3.9.1600.20260522-0510\jars\aopalliance-1.0.jar
2026-09-10 14:03:19,056 [Worker-34: Launching Executing test in C__Users_fs_Downloads_ORS] INFO  o.eclipse.m2e.core.internal.Bundles - 	Entry: C:\Users\fs\.p2\pool\plugins\org.eclipse.m2e.maven.runtime_3.9.1600.20260522-0510\jars\asm-9.9.1.jar
2026-09-10 14:03:19,056 [Worker-34: Launching Executing test in C__Users_fs_Downloads_ORS] INFO  o.eclipse.m2e.core.internal.Bundles - 	Entry: C:\Users\fs\.p2\pool\plugins\org.eclipse.m2e.maven.runtime_3.9.1600.20260522-0510\jars\error_prone_annotations-2.41.0.jar
2026-09-10 14:03:19,056 [Worker-34: Launching Executing test in C__Users_fs_Downloads_ORS] INFO  o.eclipse.m2e.core.internal.Bundles - 	Entry: C:\Users\fs\.p2\pool\plugins\org.eclipse.m2e.maven.runtime_3.9.1600.20260522-0510\jars\gson-2.13.2.jar
2026-09-10 14:03:19,057 [Worker-34: Launching Executing test in C__Users_fs_Downloads_ORS] INFO  o.eclipse.m2e.core.internal.Bundles - 	Entry: C:\Users\fs\.p2\pool\plugins\org.eclipse.m2e.maven.runtime_3.9.1600.20260522-0510\jars\guice-5.1.0-classes.jar
2026-09-10 14:03:19,057 [Worker-34: Launching Executing test in C__Users_fs_Downloads_ORS] INFO  o.eclipse.m2e.core.internal.Bundles - 	Entry: C:\Users\fs\.p2\pool\plugins\org.eclipse.m2e.maven.runtime_3.9.1600.20260522-0510\jars\httpclient-4.5.14.jar
2026-09-10 14:03:19,057 [Worker-34: Launching Executing test in C__Users_fs_Downloads_ORS] INFO  o.eclipse.m2e.core.internal.Bundles - 	Entry: C:\Users\fs\.p2\pool\plugins\org.eclipse.m2e.maven.runtime_3.9.1600.20260522-0510\jars\httpcore-4.4.16.jar
2026-09-10 14:03:19,058 [Worker-34: Launching Executing test in C__Users_fs_Downloads_ORS] INFO  o.eclipse.m2e.core.internal.Bundles - 	Entry: C:\Users\fs\.p2\pool\plugins\org.eclipse.m2e.maven.runtime_3.9.1600.20260522-0510\jars\jansi-2.4.3.jar
2026-09-10 14:03:19,058 [Worker-34: Launching Executing test in C__Users_fs_Downloads_ORS] INFO  o.eclipse.m2e.core.internal.Bundles - 	Entry: C:\Users\fs\.p2\pool\plugins\org.eclipse.m2e.maven.runtime_3.9.1600.20260522-0510\jars\jcl-over-slf4j-1.7.36.jar
2026-09-10 14:03:19,058 [Worker-34: Launching Executing test in C__Users_fs_Downloads_ORS] INFO  o.eclipse.m2e.core.internal.Bundles - 	Entry: C:\Users\fs\.p2\pool\plugins\org.eclipse.m2e.maven.runtime_3.9.1600.20260522-0510\jars\maven-artifact-3.9.16.jar
2026-09-10 14:03:19,058 [Worker-34: Launching Executing test in C__Users_fs_Downloads_ORS] INFO  o.eclipse.m2e.core.internal.Bundles - 	Entry: C:\Users\fs\.p2\pool\plugins\org.eclipse.m2e.maven.runtime_3.9.1600.20260522-0510\jars\maven-builder-support-3.9.16.jar
2026-09-10 14:03:19,059 [Worker-34: Launching Executing test in C__Users_fs_Downloads_ORS] INFO  o.eclipse.m2e.core.internal.Bundles - 	Entry: C:\Users\fs\.p2\pool\plugins\org.eclipse.m2e.maven.runtime_3.9.1600.20260522-0510\jars\maven-compat-3.9.16.jar
2026-09-10 14:03:19,059 [Worker-34: Launching Executing test in C__Users_fs_Downloads_ORS] INFO  o.eclipse.m2e.core.internal.Bundles - 	Entry: C:\Users\fs\.p2\pool\plugins\org.eclipse.m2e.maven.runtime_3.9.1600.20260522-0510\jars\maven-core-3.9.16.jar
2026-09-10 14:03:19,059 [Worker-34: Launching Executing test in C__Users_fs_Downloads_ORS] INFO  o.eclipse.m2e.core.internal.Bundles - 	Entry: C:\Users\fs\.p2\pool\plugins\org.eclipse.m2e.maven.runtime_3.9.1600.20260522-0510\jars\maven-embedder-3.9.16.jar
2026-09-10 14:03:19,059 [Worker-34: Launching Executing test in C__Users_fs_Downloads_ORS] INFO  o.eclipse.m2e.core.internal.Bundles - 	Entry: C:\Users\fs\.p2\pool\plugins\org.eclipse.m2e.maven.runtime_3.9.1600.20260522-0510\jars\maven-model-3.9.16.jar
2026-09-10 14:03:19,060 [Worker-34: Launching Executing test in C__Users_fs_Downloads_ORS] INFO  o.eclipse.m2e.core.internal.Bundles - 	Entry: C:\Users\fs\.p2\pool\plugins\org.eclipse.m2e.maven.runtime_3.9.1600.20260522-0510\jars\maven-model-builder-3.9.16.jar
2026-09-10 14:03:19,060 [Worker-34: Launching Executing test in C__Users_fs_Downloads_ORS] INFO  o.eclipse.m2e.core.internal.Bundles - 	Entry: C:\Users\fs\.p2\pool\plugins\org.eclipse.m2e.maven.runtime_3.9.1600.20260522-0510\jars\maven-plugin-api-3.9.16.jar
2026-09-10 14:03:19,060 [Worker-34: Launching Executing test in C__Users_fs_Downloads_ORS] INFO  o.eclipse.m2e.core.internal.Bundles - 	Entry: C:\Users\fs\.p2\pool\plugins\org.eclipse.m2e.maven.runtime_3.9.1600.20260522-0510\jars\maven-repository-metadata-3.9.16.jar
2026-09-10 14:03:19,061 [Worker-34: Launching Executing test in C__Users_fs_Downloads_ORS] INFO  o.eclipse.m2e.core.internal.Bundles - 	Entry: C:\Users\fs\.p2\pool\plugins\org.eclipse.m2e.maven.runtime_3.9.1600.20260522-0510\jars\maven-resolver-api-1.9.27.jar
2026-09-10 14:03:19,062 [Worker-34: Launching Executing test in C__Users_fs_Downloads_ORS] INFO  o.eclipse.m2e.core.internal.Bundles - 	Entry: C:\Users\fs\.p2\pool\plugins\org.eclipse.m2e.maven.runtime_3.9.1600.20260522-0510\jars\maven-resolver-connector-basic-1.9.27.jar
2026-09-10 14:03:19,062 [Worker-34: Launching Executing test in C__Users_fs_Downloads_ORS] INFO  o.eclipse.m2e.core.internal.Bundles - 	Entry: C:\Users\fs\.p2\pool\plugins\org.eclipse.m2e.maven.runtime_3.9.1600.20260522-0510\jars\maven-resolver-impl-1.9.27.jar
2026-09-10 14:03:19,062 [Worker-34: Launching Executing test in C__Users_fs_Downloads_ORS] INFO  o.eclipse.m2e.core.internal.Bundles - 	Entry: C:\Users\fs\.p2\pool\plugins\org.eclipse.m2e.maven.runtime_3.9.1600.20260522-0510\jars\maven-resolver-named-locks-1.9.27.jar
2026-09-10 14:03:19,062 [Worker-34: Launching Executing test in C__Users_fs_Downloads_ORS] INFO  o.eclipse.m2e.core.internal.Bundles - 	Entry: C:\Users\fs\.p2\pool\plugins\org.eclipse.m2e.maven.runtime_3.9.1600.20260522-0510\jars\maven-resolver-provider-3.9.16.jar
2026-09-10 14:03:19,063 [Worker-34: Launching Executing test in C__Users_fs_Downloads_ORS] INFO  o.eclipse.m2e.core.internal.Bundles - 	Entry: C:\Users\fs\.p2\pool\plugins\org.eclipse.m2e.maven.runtime_3.9.1600.20260522-0510\jars\maven-resolver-spi-1.9.27.jar
2026-09-10 14:03:19,063 [Worker-34: Launching Executing test in C__Users_fs_Downloads_ORS] INFO  o.eclipse.m2e.core.internal.Bundles - 	Entry: C:\Users\fs\.p2\pool\plugins\org.eclipse.m2e.maven.runtime_3.9.1600.20260522-0510\jars\maven-resolver-transport-file-1.9.27.jar
2026-09-10 14:03:19,063 [Worker-34: Launching Executing test in C__Users_fs_Downloads_ORS] INFO  o.eclipse.m2e.core.internal.Bundles - 	Entry: C:\Users\fs\.p2\pool\plugins\org.eclipse.m2e.maven.runtime_3.9.1600.20260522-0510\jars\maven-resolver-transport-http-1.9.27.jar
2026-09-10 14:03:19,063 [Worker-34: Launching Executing test in C__Users_fs_Downloads_ORS] INFO  o.eclipse.m2e.core.internal.Bundles - 	Entry: C:\Users\fs\.p2\pool\plugins\org.eclipse.m2e.maven.runtime_3.9.1600.20260522-0510\jars\maven-resolver-transport-wagon-1.9.27.jar
2026-09-10 14:03:19,063 [Worker-34: Launching Executing test in C__Users_fs_Downloads_ORS] INFO  o.eclipse.m2e.core.internal.Bundles - 	Entry: C:\Users\fs\.p2\pool\plugins\org.eclipse.m2e.maven.runtime_3.9.1600.20260522-0510\jars\maven-resolver-util-1.9.27.jar
2026-09-10 14:03:19,064 [Worker-34: Launching Executing test in C__Users_fs_Downloads_ORS] INFO  o.eclipse.m2e.core.internal.Bundles - 	Entry: C:\Users\fs\.p2\pool\plugins\org.eclipse.m2e.maven.runtime_3.9.1600.20260522-0510\jars\maven-settings-3.9.16.jar
2026-09-10 14:03:19,064 [Worker-34: Launching Executing test in C__Users_fs_Downloads_ORS] INFO  o.eclipse.m2e.core.internal.Bundles - 	Entry: C:\Users\fs\.p2\pool\plugins\org.eclipse.m2e.maven.runtime_3.9.1600.20260522-0510\jars\maven-settings-builder-3.9.16.jar
2026-09-10 14:03:19,064 [Worker-34: Launching Executing test in C__Users_fs_Downloads_ORS] INFO  o.eclipse.m2e.core.internal.Bundles - 	Entry: C:\Users\fs\.p2\pool\plugins\org.eclipse.m2e.maven.runtime_3.9.1600.20260522-0510\jars\maven-shared-utils-3.4.2.jar
2026-09-10 14:03:19,064 [Worker-34: Launching Executing test in C__Users_fs_Downloads_ORS] INFO  o.eclipse.m2e.core.internal.Bundles - 	Entry: C:\Users\fs\.p2\pool\plugins\org.eclipse.m2e.maven.runtime_3.9.1600.20260522-0510\jars\org.eclipse.sisu.inject-1.0.0.jar
2026-09-10 14:03:19,065 [Worker-34: Launching Executing test in C__Users_fs_Downloads_ORS] INFO  o.eclipse.m2e.core.internal.Bundles - 	Entry: C:\Users\fs\.p2\pool\plugins\org.eclipse.m2e.maven.runtime_3.9.1600.20260522-0510\jars\org.eclipse.sisu.plexus-1.0.0.jar
2026-09-10 14:03:19,065 [Worker-34: Launching Executing test in C__Users_fs_Downloads_ORS] INFO  o.eclipse.m2e.core.internal.Bundles - 	Entry: C:\Users\fs\.p2\pool\plugins\org.eclipse.m2e.maven.runtime_3.9.1600.20260522-0510\jars\plexus-build-api-0.0.7.jar
2026-09-10 14:03:19,065 [Worker-34: Launching Executing test in C__Users_fs_Downloads_ORS] INFO  o.eclipse.m2e.core.internal.Bundles - 	Entry: C:\Users\fs\.p2\pool\plugins\org.eclipse.m2e.maven.runtime_3.9.1600.20260522-0510\jars\plexus-build-api-1.2.0.jar
2026-09-10 14:03:19,065 [Worker-34: Launching Executing test in C__Users_fs_Downloads_ORS] INFO  o.eclipse.m2e.core.internal.Bundles - 	Entry: C:\Users\fs\.p2\pool\plugins\org.eclipse.m2e.maven.runtime_3.9.1600.20260522-0510\jars\plexus-cipher-2.0.jar
2026-09-10 14:03:19,065 [Worker-34: Launching Executing test in C__Users_fs_Downloads_ORS] INFO  o.eclipse.m2e.core.internal.Bundles - 	Entry: C:\Users\fs\.p2\pool\plugins\org.eclipse.m2e.maven.runtime_3.9.1600.20260522-0510\jars\plexus-classworlds-2.11.0.jar
2026-09-10 14:03:19,066 [Worker-34: Launching Executing test in C__Users_fs_Downloads_ORS] INFO  o.eclipse.m2e.core.internal.Bundles - 	Entry: C:\Users\fs\.p2\pool\plugins\org.eclipse.m2e.maven.runtime_3.9.1600.20260522-0510\jars\plexus-component-annotations-2.2.0.jar
2026-09-10 14:03:19,066 [Worker-34: Launching Executing test in C__Users_fs_Downloads_ORS] INFO  o.eclipse.m2e.core.internal.Bundles - 	Entry: C:\Users\fs\.p2\pool\plugins\org.eclipse.m2e.maven.runtime_3.9.1600.20260522-0510\jars\plexus-interpolation-1.29.jar
2026-09-10 14:03:19,066 [Worker-34: Launching Executing test in C__Users_fs_Downloads_ORS] INFO  o.eclipse.m2e.core.internal.Bundles - 	Entry: C:\Users\fs\.p2\pool\plugins\org.eclipse.m2e.maven.runtime_3.9.1600.20260522-0510\jars\plexus-sec-dispatcher-2.0.jar
2026-09-10 14:03:19,066 [Worker-34: Launching Executing test in C__Users_fs_Downloads_ORS] INFO  o.eclipse.m2e.core.internal.Bundles - 	Entry: C:\Users\fs\.p2\pool\plugins\org.eclipse.m2e.maven.runtime_3.9.1600.20260522-0510\jars\plexus-utils-3.6.1.jar
2026-09-10 14:03:19,066 [Worker-34: Launching Executing test in C__Users_fs_Downloads_ORS] INFO  o.eclipse.m2e.core.internal.Bundles - 	Entry: C:\Users\fs\.p2\pool\plugins\org.eclipse.m2e.maven.runtime_3.9.1600.20260522-0510\jars\wagon-file-3.5.3.jar
2026-09-10 14:03:19,067 [Worker-34: Launching Executing test in C__Users_fs_Downloads_ORS] INFO  o.eclipse.m2e.core.internal.Bundles - 	Entry: C:\Users\fs\.p2\pool\plugins\org.eclipse.m2e.maven.runtime_3.9.1600.20260522-0510\jars\wagon-http-3.5.3.jar
2026-09-10 14:03:19,069 [Worker-34: Launching Executing test in C__Users_fs_Downloads_ORS] INFO  o.eclipse.m2e.core.internal.Bundles - 	Entry: C:\Users\fs\.p2\pool\plugins\org.eclipse.m2e.maven.runtime_3.9.1600.20260522-0510\jars\wagon-http-shared-3.5.3.jar
2026-09-10 14:03:19,069 [Worker-34: Launching Executing test in C__Users_fs_Downloads_ORS] INFO  o.eclipse.m2e.core.internal.Bundles - 	Entry: C:\Users\fs\.p2\pool\plugins\org.eclipse.m2e.maven.runtime_3.9.1600.20260522-0510\jars\wagon-provider-api-3.5.3.jar
2026-09-10 14:03:19,069 [Worker-34: Launching Executing test in C__Users_fs_Downloads_ORS] INFO  o.eclipse.m2e.core.internal.Bundles - getClasspathEntries(Bundle=com.google.guava_33.6.0.jre [13])
2026-09-10 14:03:19,071 [Worker-34: Launching Executing test in C__Users_fs_Downloads_ORS] INFO  o.eclipse.m2e.core.internal.Bundles - 	Entry: C:\Users\fs\.p2\pool\plugins\com.google.guava_33.6.0.jre.jar
2026-09-10 14:03:19,071 [Worker-34: Launching Executing test in C__Users_fs_Downloads_ORS] INFO  o.eclipse.m2e.core.internal.Bundles - getClasspathEntries(Bundle=slf4j.api_2.0.18 [532])
2026-09-10 14:03:19,073 [Worker-34: Launching Executing test in C__Users_fs_Downloads_ORS] INFO  o.eclipse.m2e.core.internal.Bundles - 	Entry: C:\Users\fs\.p2\pool\plugins\slf4j.api_2.0.18.jar
2026-09-10 14:03:19,073 [Worker-34: Launching Executing test in C__Users_fs_Downloads_ORS] INFO  o.eclipse.m2e.core.internal.Bundles - getClasspathEntries(Bundle=jakarta.inject.jakarta.inject-api_1.0.5 [24])
2026-09-10 14:03:19,073 [Worker-34: Launching Executing test in C__Users_fs_Downloads_ORS] INFO  o.eclipse.m2e.core.internal.Bundles - 	Entry: C:\Users\fs\.p2\pool\plugins\jakarta.inject.jakarta.inject-api_1.0.5.jar
2026-09-10 14:03:19,074 [Worker-34: Launching Executing test in C__Users_fs_Downloads_ORS] INFO  o.eclipse.m2e.core.internal.Bundles - getClasspathEntries(Bundle=jakarta.annotation-api_1.3.5 [22])
2026-09-10 14:03:19,075 [Worker-34: Launching Executing test in C__Users_fs_Downloads_ORS] INFO  o.eclipse.m2e.core.internal.Bundles - 	Entry: C:\Users\fs\.p2\pool\plugins\jakarta.annotation-api_1.3.5.jar
2026-09-10 14:03:19,075 [Worker-34: Launching Executing test in C__Users_fs_Downloads_ORS] INFO  o.eclipse.m2e.core.internal.Bundles - getClasspathEntries(Bundle=org.apache.commons.cli_1.11.0 [56])
2026-09-10 14:03:19,075 [Worker-34: Launching Executing test in C__Users_fs_Downloads_ORS] INFO  o.eclipse.m2e.core.internal.Bundles - 	Entry: C:\Users\fs\.p2\pool\plugins\org.apache.commons.cli_1.11.0.jar
2026-09-10 14:03:19,075 [Worker-34: Launching Executing test in C__Users_fs_Downloads_ORS] INFO  o.eclipse.m2e.core.internal.Bundles - getClasspathEntries(Bundle=org.apache.commons.commons-codec_1.22.0 [57])
2026-09-10 14:03:19,076 [Worker-34: Launching Executing test in C__Users_fs_Downloads_ORS] INFO  o.eclipse.m2e.core.internal.Bundles - 	Entry: C:\Users\fs\.p2\pool\plugins\org.apache.commons.commons-codec_1.22.0.jar
2026-09-10 14:03:19,076 [Worker-34: Launching Executing test in C__Users_fs_Downloads_ORS] INFO  o.eclipse.m2e.core.internal.Bundles - getClasspathEntries(Bundle=com.google.guava.failureaccess_1.0.3 [14])
2026-09-10 14:03:19,077 [Worker-34: Launching Executing test in C__Users_fs_Downloads_ORS] INFO  o.eclipse.m2e.core.internal.Bundles - 	Entry: C:\Users\fs\.p2\pool\plugins\com.google.guava.failureaccess_1.0.3.jar
2026-09-10 14:03:19,078 [Worker-34: Launching Executing test in C__Users_fs_Downloads_ORS] INFO  o.e.m.i.launch.MavenLaunchDelegate - Run build in "C:\Users\fs\Downloads\ORS":
2026-09-10 14:03:19,078 [Worker-34: Launching Executing test in C__Users_fs_Downloads_ORS] INFO  o.e.m.i.launch.MavenLaunchDelegate -  mvn  -B -Dstyle.color=always test
2026-09-10 14:03:30,546 [main] INFO  o.e.m2e.actions.ExecutePomAction - Creating new launch configuration
2026-09-10 14:03:40,701 [Worker-34: Launching ORS] INFO  o.eclipse.m2e.core.internal.Bundles - getClasspathEntries(Bundle=org.eclipse.m2e.maven.runtime_3.9.1600.20260522-0510 [308])
2026-09-10 14:03:40,705 [Worker-34: Launching ORS] INFO  o.eclipse.m2e.core.internal.Bundles - 	Entry: C:\Users\fs\.p2\pool\plugins\org.eclipse.m2e.maven.runtime_3.9.1600.20260522-0510
2026-09-10 14:03:40,706 [Worker-34: Launching ORS] INFO  o.eclipse.m2e.core.internal.Bundles - 	Entry: C:\Users\fs\.p2\pool\plugins\org.eclipse.m2e.maven.runtime_3.9.1600.20260522-0510\jars\aopalliance-1.0.jar
2026-09-10 14:03:40,707 [Worker-34: Launching ORS] INFO  o.eclipse.m2e.core.internal.Bundles - 	Entry: C:\Users\fs\.p2\pool\plugins\org.eclipse.m2e.maven.runtime_3.9.1600.20260522-0510\jars\asm-9.9.1.jar
2026-09-10 14:03:40,707 [Worker-34: Launching ORS] INFO  o.eclipse.m2e.core.internal.Bundles - 	Entry: C:\Users\fs\.p2\pool\plugins\org.eclipse.m2e.maven.runtime_3.9.1600.20260522-0510\jars\error_prone_annotations-2.41.0.jar
2026-09-10 14:03:40,707 [Worker-34: Launching ORS] INFO  o.eclipse.m2e.core.internal.Bundles - 	Entry: C:\Users\fs\.p2\pool\plugins\org.eclipse.m2e.maven.runtime_3.9.1600.20260522-0510\jars\gson-2.13.2.jar
2026-09-10 14:03:40,708 [Worker-34: Launching ORS] INFO  o.eclipse.m2e.core.internal.Bundles - 	Entry: C:\Users\fs\.p2\pool\plugins\org.eclipse.m2e.maven.runtime_3.9.1600.20260522-0510\jars\guice-5.1.0-classes.jar
2026-09-10 14:03:40,708 [Worker-34: Launching ORS] INFO  o.eclipse.m2e.core.internal.Bundles - 	Entry: C:\Users\fs\.p2\pool\plugins\org.eclipse.m2e.maven.runtime_3.9.1600.20260522-0510\jars\httpclient-4.5.14.jar
2026-09-10 14:03:40,708 [Worker-34: Launching ORS] INFO  o.eclipse.m2e.core.internal.Bundles - 	Entry: C:\Users\fs\.p2\pool\plugins\org.eclipse.m2e.maven.runtime_3.9.1600.20260522-0510\jars\httpcore-4.4.16.jar
2026-09-10 14:03:40,708 [Worker-34: Launching ORS] INFO  o.eclipse.m2e.core.internal.Bundles - 	Entry: C:\Users\fs\.p2\pool\plugins\org.eclipse.m2e.maven.runtime_3.9.1600.20260522-0510\jars\jansi-2.4.3.jar
2026-09-10 14:03:40,709 [Worker-34: Launching ORS] INFO  o.eclipse.m2e.core.internal.Bundles - 	Entry: C:\Users\fs\.p2\pool\plugins\org.eclipse.m2e.maven.runtime_3.9.1600.20260522-0510\jars\jcl-over-slf4j-1.7.36.jar
2026-09-10 14:03:40,709 [Worker-34: Launching ORS] INFO  o.eclipse.m2e.core.internal.Bundles - 	Entry: C:\Users\fs\.p2\pool\plugins\org.eclipse.m2e.maven.runtime_3.9.1600.20260522-0510\jars\maven-artifact-3.9.16.jar
2026-09-10 14:03:40,709 [Worker-34: Launching ORS] INFO  o.eclipse.m2e.core.internal.Bundles - 	Entry: C:\Users\fs\.p2\pool\plugins\org.eclipse.m2e.maven.runtime_3.9.1600.20260522-0510\jars\maven-builder-support-3.9.16.jar
2026-09-10 14:03:40,709 [Worker-34: Launching ORS] INFO  o.eclipse.m2e.core.internal.Bundles - 	Entry: C:\Users\fs\.p2\pool\plugins\org.eclipse.m2e.maven.runtime_3.9.1600.20260522-0510\jars\maven-compat-3.9.16.jar
2026-09-10 14:03:40,709 [Worker-34: Launching ORS] INFO  o.eclipse.m2e.core.internal.Bundles - 	Entry: C:\Users\fs\.p2\pool\plugins\org.eclipse.m2e.maven.runtime_3.9.1600.20260522-0510\jars\maven-core-3.9.16.jar
2026-09-10 14:03:40,710 [Worker-34: Launching ORS] INFO  o.eclipse.m2e.core.internal.Bundles - 	Entry: C:\Users\fs\.p2\pool\plugins\org.eclipse.m2e.maven.runtime_3.9.1600.20260522-0510\jars\maven-embedder-3.9.16.jar
2026-09-10 14:03:40,710 [Worker-34: Launching ORS] INFO  o.eclipse.m2e.core.internal.Bundles - 	Entry: C:\Users\fs\.p2\pool\plugins\org.eclipse.m2e.maven.runtime_3.9.1600.20260522-0510\jars\maven-model-3.9.16.jar
2026-09-10 14:03:40,710 [Worker-34: Launching ORS] INFO  o.eclipse.m2e.core.internal.Bundles - 	Entry: C:\Users\fs\.p2\pool\plugins\org.eclipse.m2e.maven.runtime_3.9.1600.20260522-0510\jars\maven-model-builder-3.9.16.jar
2026-09-10 14:03:40,710 [Worker-34: Launching ORS] INFO  o.eclipse.m2e.core.internal.Bundles - 	Entry: C:\Users\fs\.p2\pool\plugins\org.eclipse.m2e.maven.runtime_3.9.1600.20260522-0510\jars\maven-plugin-api-3.9.16.jar
2026-09-10 14:03:40,710 [Worker-34: Launching ORS] INFO  o.eclipse.m2e.core.internal.Bundles - 	Entry: C:\Users\fs\.p2\pool\plugins\org.eclipse.m2e.maven.runtime_3.9.1600.20260522-0510\jars\maven-repository-metadata-3.9.16.jar
2026-09-10 14:03:40,710 [Worker-34: Launching ORS] INFO  o.eclipse.m2e.core.internal.Bundles - 	Entry: C:\Users\fs\.p2\pool\plugins\org.eclipse.m2e.maven.runtime_3.9.1600.20260522-0510\jars\maven-resolver-api-1.9.27.jar
2026-09-10 14:03:40,711 [Worker-34: Launching ORS] INFO  o.eclipse.m2e.core.internal.Bundles - 	Entry: C:\Users\fs\.p2\pool\plugins\org.eclipse.m2e.maven.runtime_3.9.1600.20260522-0510\jars\maven-resolver-connector-basic-1.9.27.jar
2026-09-10 14:03:40,711 [Worker-34: Launching ORS] INFO  o.eclipse.m2e.core.internal.Bundles - 	Entry: C:\Users\fs\.p2\pool\plugins\org.eclipse.m2e.maven.runtime_3.9.1600.20260522-0510\jars\maven-resolver-impl-1.9.27.jar
2026-09-10 14:03:40,711 [Worker-34: Launching ORS] INFO  o.eclipse.m2e.core.internal.Bundles - 	Entry: C:\Users\fs\.p2\pool\plugins\org.eclipse.m2e.maven.runtime_3.9.1600.20260522-0510\jars\maven-resolver-named-locks-1.9.27.jar
2026-09-10 14:03:40,711 [Worker-34: Launching ORS] INFO  o.eclipse.m2e.core.internal.Bundles - 	Entry: C:\Users\fs\.p2\pool\plugins\org.eclipse.m2e.maven.runtime_3.9.1600.20260522-0510\jars\maven-resolver-provider-3.9.16.jar
2026-09-10 14:03:40,712 [Worker-34: Launching ORS] INFO  o.eclipse.m2e.core.internal.Bundles - 	Entry: C:\Users\fs\.p2\pool\plugins\org.eclipse.m2e.maven.runtime_3.9.1600.20260522-0510\jars\maven-resolver-spi-1.9.27.jar
2026-09-10 14:03:40,712 [Worker-34: Launching ORS] INFO  o.eclipse.m2e.core.internal.Bundles - 	Entry: C:\Users\fs\.p2\pool\plugins\org.eclipse.m2e.maven.runtime_3.9.1600.20260522-0510\jars\maven-resolver-transport-file-1.9.27.jar
2026-09-10 14:03:40,712 [Worker-34: Launching ORS] INFO  o.eclipse.m2e.core.internal.Bundles - 	Entry: C:\Users\fs\.p2\pool\plugins\org.eclipse.m2e.maven.runtime_3.9.1600.20260522-0510\jars\maven-resolver-transport-http-1.9.27.jar
2026-09-10 14:03:40,712 [Worker-34: Launching ORS] INFO  o.eclipse.m2e.core.internal.Bundles - 	Entry: C:\Users\fs\.p2\pool\plugins\org.eclipse.m2e.maven.runtime_3.9.1600.20260522-0510\jars\maven-resolver-transport-wagon-1.9.27.jar
2026-09-10 14:03:40,713 [Worker-34: Launching ORS] INFO  o.eclipse.m2e.core.internal.Bundles - 	Entry: C:\Users\fs\.p2\pool\plugins\org.eclipse.m2e.maven.runtime_3.9.1600.20260522-0510\jars\maven-resolver-util-1.9.27.jar
2026-09-10 14:03:40,714 [Worker-34: Launching ORS] INFO  o.eclipse.m2e.core.internal.Bundles - 	Entry: C:\Users\fs\.p2\pool\plugins\org.eclipse.m2e.maven.runtime_3.9.1600.20260522-0510\jars\maven-settings-3.9.16.jar
2026-09-10 14:03:40,715 [Worker-34: Launching ORS] INFO  o.eclipse.m2e.core.internal.Bundles - 	Entry: C:\Users\fs\.p2\pool\plugins\org.eclipse.m2e.maven.runtime_3.9.1600.20260522-0510\jars\maven-settings-builder-3.9.16.jar
2026-09-10 14:03:40,716 [Worker-34: Launching ORS] INFO  o.eclipse.m2e.core.internal.Bundles - 	Entry: C:\Users\fs\.p2\pool\plugins\org.eclipse.m2e.maven.runtime_3.9.1600.20260522-0510\jars\maven-shared-utils-3.4.2.jar
2026-09-10 14:03:40,716 [Worker-34: Launching ORS] INFO  o.eclipse.m2e.core.internal.Bundles - 	Entry: C:\Users\fs\.p2\pool\plugins\org.eclipse.m2e.maven.runtime_3.9.1600.20260522-0510\jars\org.eclipse.sisu.inject-1.0.0.jar
2026-09-10 14:03:40,721 [Worker-34: Launching ORS] INFO  o.eclipse.m2e.core.internal.Bundles - 	Entry: C:\Users\fs\.p2\pool\plugins\org.eclipse.m2e.maven.runtime_3.9.1600.20260522-0510\jars\org.eclipse.sisu.plexus-1.0.0.jar
2026-09-10 14:03:40,722 [Worker-34: Launching ORS] INFO  o.eclipse.m2e.core.internal.Bundles - 	Entry: C:\Users\fs\.p2\pool\plugins\org.eclipse.m2e.maven.runtime_3.9.1600.20260522-0510\jars\plexus-build-api-0.0.7.jar
2026-09-10 14:03:40,723 [Worker-34: Launching ORS] INFO  o.eclipse.m2e.core.internal.Bundles - 	Entry: C:\Users\fs\.p2\pool\plugins\org.eclipse.m2e.maven.runtime_3.9.1600.20260522-0510\jars\plexus-build-api-1.2.0.jar
2026-09-10 14:03:40,723 [Worker-34: Launching ORS] INFO  o.eclipse.m2e.core.internal.Bundles - 	Entry: C:\Users\fs\.p2\pool\plugins\org.eclipse.m2e.maven.runtime_3.9.1600.20260522-0510\jars\plexus-cipher-2.0.jar
2026-09-10 14:03:40,723 [Worker-34: Launching ORS] INFO  o.eclipse.m2e.core.internal.Bundles - 	Entry: C:\Users\fs\.p2\pool\plugins\org.eclipse.m2e.maven.runtime_3.9.1600.20260522-0510\jars\plexus-classworlds-2.11.0.jar
2026-09-10 14:03:40,723 [Worker-34: Launching ORS] INFO  o.eclipse.m2e.core.internal.Bundles - 	Entry: C:\Users\fs\.p2\pool\plugins\org.eclipse.m2e.maven.runtime_3.9.1600.20260522-0510\jars\plexus-component-annotations-2.2.0.jar
2026-09-10 14:03:40,723 [Worker-34: Launching ORS] INFO  o.eclipse.m2e.core.internal.Bundles - 	Entry: C:\Users\fs\.p2\pool\plugins\org.eclipse.m2e.maven.runtime_3.9.1600.20260522-0510\jars\plexus-interpolation-1.29.jar
2026-09-10 14:03:40,724 [Worker-34: Launching ORS] INFO  o.eclipse.m2e.core.internal.Bundles - 	Entry: C:\Users\fs\.p2\pool\plugins\org.eclipse.m2e.maven.runtime_3.9.1600.20260522-0510\jars\plexus-sec-dispatcher-2.0.jar
2026-09-10 14:03:40,724 [Worker-34: Launching ORS] INFO  o.eclipse.m2e.core.internal.Bundles - 	Entry: C:\Users\fs\.p2\pool\plugins\org.eclipse.m2e.maven.runtime_3.9.1600.20260522-0510\jars\plexus-utils-3.6.1.jar
2026-09-10 14:03:40,724 [Worker-34: Launching ORS] INFO  o.eclipse.m2e.core.internal.Bundles - 	Entry: C:\Users\fs\.p2\pool\plugins\org.eclipse.m2e.maven.runtime_3.9.1600.20260522-0510\jars\wagon-file-3.5.3.jar
2026-09-10 14:03:40,725 [Worker-34: Launching ORS] INFO  o.eclipse.m2e.core.internal.Bundles - 	Entry: C:\Users\fs\.p2\pool\plugins\org.eclipse.m2e.maven.runtime_3.9.1600.20260522-0510\jars\wagon-http-3.5.3.jar
2026-09-10 14:03:40,725 [Worker-34: Launching ORS] INFO  o.eclipse.m2e.core.internal.Bundles - 	Entry: C:\Users\fs\.p2\pool\plugins\org.eclipse.m2e.maven.runtime_3.9.1600.20260522-0510\jars\wagon-http-shared-3.5.3.jar
2026-09-10 14:03:40,725 [Worker-34: Launching ORS] INFO  o.eclipse.m2e.core.internal.Bundles - 	Entry: C:\Users\fs\.p2\pool\plugins\org.eclipse.m2e.maven.runtime_3.9.1600.20260522-0510\jars\wagon-provider-api-3.5.3.jar
2026-09-10 14:03:40,725 [Worker-34: Launching ORS] INFO  o.eclipse.m2e.core.internal.Bundles - getClasspathEntries(Bundle=com.google.guava_33.6.0.jre [13])
2026-09-10 14:03:40,726 [Worker-34: Launching ORS] INFO  o.eclipse.m2e.core.internal.Bundles - 	Entry: C:\Users\fs\.p2\pool\plugins\com.google.guava_33.6.0.jre.jar
2026-09-10 14:03:40,726 [Worker-34: Launching ORS] INFO  o.eclipse.m2e.core.internal.Bundles - getClasspathEntries(Bundle=slf4j.api_2.0.18 [532])
2026-09-10 14:03:40,726 [Worker-34: Launching ORS] INFO  o.eclipse.m2e.core.internal.Bundles - 	Entry: C:\Users\fs\.p2\pool\plugins\slf4j.api_2.0.18.jar
2026-09-10 14:03:40,726 [Worker-34: Launching ORS] INFO  o.eclipse.m2e.core.internal.Bundles - getClasspathEntries(Bundle=jakarta.inject.jakarta.inject-api_1.0.5 [24])
2026-09-10 14:03:40,727 [Worker-34: Launching ORS] INFO  o.eclipse.m2e.core.internal.Bundles - 	Entry: C:\Users\fs\.p2\pool\plugins\jakarta.inject.jakarta.inject-api_1.0.5.jar
2026-09-10 14:03:40,727 [Worker-34: Launching ORS] INFO  o.eclipse.m2e.core.internal.Bundles - getClasspathEntries(Bundle=jakarta.annotation-api_1.3.5 [22])
2026-09-10 14:03:40,727 [Worker-34: Launching ORS] INFO  o.eclipse.m2e.core.internal.Bundles - 	Entry: C:\Users\fs\.p2\pool\plugins\jakarta.annotation-api_1.3.5.jar
2026-09-10 14:03:40,727 [Worker-34: Launching ORS] INFO  o.eclipse.m2e.core.internal.Bundles - getClasspathEntries(Bundle=org.apache.commons.cli_1.11.0 [56])
2026-09-10 14:03:40,728 [Worker-34: Launching ORS] INFO  o.eclipse.m2e.core.internal.Bundles - 	Entry: C:\Users\fs\.p2\pool\plugins\org.apache.commons.cli_1.11.0.jar
2026-09-10 14:03:40,728 [Worker-34: Launching ORS] INFO  o.eclipse.m2e.core.internal.Bundles - getClasspathEntries(Bundle=org.apache.commons.commons-codec_1.22.0 [57])
2026-09-10 14:03:40,728 [Worker-34: Launching ORS] INFO  o.eclipse.m2e.core.internal.Bundles - 	Entry: C:\Users\fs\.p2\pool\plugins\org.apache.commons.commons-codec_1.22.0.jar
2026-09-10 14:03:40,728 [Worker-34: Launching ORS] INFO  o.eclipse.m2e.core.internal.Bundles - getClasspathEntries(Bundle=com.google.guava.failureaccess_1.0.3 [14])
2026-09-10 14:03:40,729 [Worker-34: Launching ORS] INFO  o.eclipse.m2e.core.internal.Bundles - 	Entry: C:\Users\fs\.p2\pool\plugins\com.google.guava.failureaccess_1.0.3.jar
2026-09-10 14:03:40,730 [Worker-34: Launching ORS] INFO  o.e.m.i.launch.MavenLaunchDelegate - Run build in "C:\Users\fs\Downloads\ORS":
2026-09-10 14:03:40,730 [Worker-34: Launching ORS] INFO  o.e.m.i.launch.MavenLaunchDelegate -  mvn  -B -Dstyle.color=always clean install test
